<?xml version="1.0" encoding="utf-8"?><testsuites><testsuite name="pytest" errors="0" failures="0" skipped="2" tests="676" time="569.811" timestamp="2025-06-07T11:06:09.719560+00:00" hostname="Alien.local"><testcase classname="tests.admin.test_admin_address" name="test_add_and_redirect" file="tests/admin/test_admin_address.py" line="21" time="5.489" /><testcase classname="tests.admin.test_admin_address" name="test_add_address_types[user@email.com-email]" file="tests/admin/test_admin_address.py" line="34" time="0.202" /><testcase classname="tests.admin.test_admin_address" name="test_add_address_types[+12299088128-phone]" file="tests/admin/test_admin_address.py" line="34" time="0.198" /><testcase classname="tests.admin.test_admin_address" name="test_add_address_types[account-account]" file="tests/admin/test_admin_address.py" line="34" time="0.195" /><testcase classname="tests.admin.test_admin_apikey" name="test_edit" file="tests/admin/test_admin_apikey.py" line="42" time="1.023" /><testcase classname="tests.admin.test_admin_apikey" name="test_add" file="tests/admin/test_admin_apikey.py" line="55" time="1.062" /><testcase classname="tests.admin.test_admin_apikey" name="test_add_trigger_required_app" file="tests/admin/test_admin_apikey.py" line="70" time="0.978" /><testcase classname="tests.admin.test_admin_apikey" name="test_add_check_environments" file="tests/admin/test_admin_apikey.py" line="84" time="1.081" /><testcase classname="tests.admin.test_admin_apikey" name="test_add_channel_filter_by_type[development]" file="tests/admin/test_admin_apikey.py" line="107" time="1.058" /><testcase classname="tests.admin.test_admin_apikey" name="test_add_channel_filter_by_type[]" file="tests/admin/test_admin_apikey.py" line="107" time="0.946" /><testcase classname="tests.admin.test_admin_apikey" name="test_show_key[True]" file="tests/admin/test_admin_apikey.py" line="114" time="1.616" /><testcase classname="tests.admin.test_admin_apikey" name="test_show_key[False]" file="tests/admin/test_admin_apikey.py" line="114" time="1.457" /><testcase classname="tests.admin.test_admin_application" name="test_get_readonly_fields" file="tests/admin/test_admin_application.py" line="39" time="1.337" /><testcase classname="tests.admin.test_admin_application" name="test_add" file="tests/admin/test_admin_application.py" line="54" time="1.131" /><testcase classname="tests.admin.test_admin_assignment" name="test_edit" file="tests/admin/test_admin_assignment.py" line="26" time="0.943" /><testcase classname="tests.admin.test_admin_assignment" name="test_validate" file="tests/admin/test_admin_assignment.py" line="35" time="0.972" /><testcase classname="tests.admin.test_admin_bc" name="test_admin_index[django_celery_beat-can_add-can_change]" file="tests/admin/test_admin_bc.py" line="38" time="0.264" /><testcase classname="tests.admin.test_admin_bc" name="test_admin_index[django_celery_beat-can_add-]" file="tests/admin/test_admin_bc.py" line="38" time="0.213" /><testcase classname="tests.admin.test_admin_bc" name="test_admin_index[django_celery_beat--can_change]" file="tests/admin/test_admin_bc.py" line="38" time="0.233" /><testcase classname="tests.admin.test_admin_bc" name="test_admin_index[django_celery_beat--]" file="tests/admin/test_admin_bc.py" line="38" time="0.210" /><testcase classname="tests.admin.test_admin_bc" name="test_admin_index[auth-can_add-can_change]" file="tests/admin/test_admin_bc.py" line="38" time="0.239" /><testcase classname="tests.admin.test_admin_bc" name="test_admin_index[auth-can_add-]" file="tests/admin/test_admin_bc.py" line="38" time="0.210" /><testcase classname="tests.admin.test_admin_bc" name="test_admin_index[auth--can_change]" file="tests/admin/test_admin_bc.py" line="38" time="0.198" /><testcase classname="tests.admin.test_admin_bc" name="test_admin_index[auth--]" file="tests/admin/test_admin_bc.py" line="38" time="0.206" /><testcase classname="tests.admin.test_admin_bc" name="test_admin_index[constance-can_add-can_change]" file="tests/admin/test_admin_bc.py" line="38" time="0.212" /><testcase classname="tests.admin.test_admin_bc" name="test_admin_index[constance-can_add-]" file="tests/admin/test_admin_bc.py" line="38" time="0.205" /><testcase classname="tests.admin.test_admin_bc" name="test_admin_index[constance--can_change]" file="tests/admin/test_admin_bc.py" line="38" time="0.209" /><testcase classname="tests.admin.test_admin_bc" name="test_admin_index[constance--]" file="tests/admin/test_admin_bc.py" line="38" time="0.210" /><testcase classname="tests.admin.test_admin_bc" name="test_admin_index[flags-can_add-can_change]" file="tests/admin/test_admin_bc.py" line="38" time="0.210" /><testcase classname="tests.admin.test_admin_bc" name="test_admin_index[flags-can_add-]" file="tests/admin/test_admin_bc.py" line="38" time="0.210" /><testcase classname="tests.admin.test_admin_bc" name="test_admin_index[flags--can_change]" file="tests/admin/test_admin_bc.py" line="38" time="0.238" /><testcase classname="tests.admin.test_admin_bc" name="test_admin_index[flags--]" file="tests/admin/test_admin_bc.py" line="38" time="0.208" /><testcase classname="tests.admin.test_admin_bc" name="test_admin_index[bitcaster-can_add-can_change]" file="tests/admin/test_admin_bc.py" line="38" time="0.206" /><testcase classname="tests.admin.test_admin_bc" name="test_admin_index[bitcaster-can_add-]" file="tests/admin/test_admin_bc.py" line="38" time="0.212" /><testcase classname="tests.admin.test_admin_bc" name="test_admin_index[bitcaster--can_change]" file="tests/admin/test_admin_bc.py" line="38" time="0.209" /><testcase classname="tests.admin.test_admin_bc" name="test_admin_index[bitcaster--]" file="tests/admin/test_admin_bc.py" line="38" time="0.210" /><testcase classname="tests.admin.test_admin_bc" name="test_admin_index[webpush-can_add-can_change]" file="tests/admin/test_admin_bc.py" line="38" time="0.208" /><testcase classname="tests.admin.test_admin_bc" name="test_admin_index[webpush-can_add-]" file="tests/admin/test_admin_bc.py" line="38" time="0.207" /><testcase classname="tests.admin.test_admin_bc" name="test_admin_index[webpush--can_change]" file="tests/admin/test_admin_bc.py" line="38" time="0.206" /><testcase classname="tests.admin.test_admin_bc" name="test_admin_index[webpush--]" file="tests/admin/test_admin_bc.py" line="38" time="0.206" /><testcase classname="tests.admin.test_admin_bc" name="test_admin_index[social-can_add-can_change]" file="tests/admin/test_admin_bc.py" line="38" time="0.213" /><testcase classname="tests.admin.test_admin_bc" name="test_admin_index[social-can_add-]" file="tests/admin/test_admin_bc.py" line="38" time="0.204" /><testcase classname="tests.admin.test_admin_bc" name="test_admin_index[social--can_change]" file="tests/admin/test_admin_bc.py" line="38" time="0.213" /><testcase classname="tests.admin.test_admin_bc" name="test_admin_index[social--]" file="tests/admin/test_admin_bc.py" line="38" time="0.207" /><testcase classname="tests.admin.test_admin_bc" name="test_admin_index[social_django-can_add-can_change]" file="tests/admin/test_admin_bc.py" line="38" time="0.205" /><testcase classname="tests.admin.test_admin_bc" name="test_admin_index[social_django-can_add-]" file="tests/admin/test_admin_bc.py" line="38" time="0.207" /><testcase classname="tests.admin.test_admin_bc" name="test_admin_index[social_django--can_change]" file="tests/admin/test_admin_bc.py" line="38" time="0.209" /><testcase classname="tests.admin.test_admin_bc" name="test_admin_index[social_django--]" file="tests/admin/test_admin_bc.py" line="38" time="0.209" /><testcase classname="tests.admin.test_admin_bc" name="test_admin_index[taggit-can_add-can_change]" file="tests/admin/test_admin_bc.py" line="38" time="0.208" /><testcase classname="tests.admin.test_admin_bc" name="test_admin_index[taggit-can_add-]" file="tests/admin/test_admin_bc.py" line="38" time="0.207" /><testcase classname="tests.admin.test_admin_bc" name="test_admin_index[taggit--can_change]" file="tests/admin/test_admin_bc.py" line="38" time="0.210" /><testcase classname="tests.admin.test_admin_bc" name="test_admin_index[taggit--]" file="tests/admin/test_admin_bc.py" line="38" time="0.209" /><testcase classname="tests.admin.test_admin_channel" name="test_change[None]" file="tests/admin/test_admin_channel.py" line="97" time="1.169" /><testcase classname="tests.admin.test_admin_channel" name="test_change[channel__project1]" file="tests/admin/test_admin_channel.py" line="97" time="1.484" /><testcase classname="tests.admin.test_admin_channel" name="test_configure" file="tests/admin/test_admin_channel.py" line="105" time="0.831" /><testcase classname="tests.admin.test_admin_channel" name="test_test_404" file="tests/admin/test_admin_channel.py" line="118" time="0.741" /><testcase classname="tests.admin.test_admin_channel" name="test_test" file="tests/admin/test_admin_channel.py" line="125" time="0.816" /><testcase classname="tests.admin.test_admin_channel" name="test_get_readonly_if_default" file="tests/admin/test_admin_channel.py" line="146" time="1.427" /><testcase classname="tests.admin.test_admin_channel" name="test_get_readonly_fields" file="tests/admin/test_admin_channel.py" line="153" time="0.768" /><testcase classname="tests.admin.test_admin_channel" name="test_add_create_abstract_for_org" file="tests/admin/test_admin_channel.py" line="161" time="0.783" /><testcase classname="tests.admin.test_admin_channel" name="test_add_new_channel_for_project" file="tests/admin/test_admin_channel.py" line="182" time="0.792" /><testcase classname="tests.admin.test_admin_channel" name="test_inherit_channel_for_project" file="tests/admin/test_admin_channel.py" line="201" time="0.942" /><testcase classname="tests.admin.test_admin_channel" name="test_add_new_channel" file="tests/admin/test_admin_channel.py" line="219" time="0.832" /><testcase classname="tests.admin.test_admin_channel" name="test_add_new_channel_abort[/admin/bitcaster/user/-/admin/bitcaster/user/]" file="tests/admin/test_admin_channel.py" line="240" time="0.827" /><testcase classname="tests.admin.test_admin_channel" name="test_add_new_channel_abort[http://url/-/admin/bitcaster/channel/]" file="tests/admin/test_admin_channel.py" line="240" time="0.830" /><testcase classname="tests.admin.test_admin_channel" name="test_add_new_channel_abort[-/admin/bitcaster/channel/]" file="tests/admin/test_admin_channel.py" line="240" time="0.814" /><testcase classname="tests.admin.test_admin_channel" name="test_add_channel_permission" file="tests/admin/test_admin_channel.py" line="265" time="1.124" /><testcase classname="tests.admin.test_admin_channel" name="test_add_channel_tampered_with" file="tests/admin/test_admin_channel.py" line="279" time="0.753" /><testcase classname="tests.admin.test_admin_channel" name="test_add_channel_filter_by_type[abstract]" file="tests/admin/test_admin_channel.py" line="288" time="0.752" /><testcase classname="tests.admin.test_admin_channel" name="test_add_channel_filter_by_type[project]" file="tests/admin/test_admin_channel.py" line="288" time="0.750" /><testcase classname="tests.admin.test_admin_channel" name="test_add_channel_filter_by_type[]" file="tests/admin/test_admin_channel.py" line="288" time="0.748" /><testcase classname="tests.admin.test_admin_constance" name="test_save_constance" file="tests/admin/test_admin_constance.py" line="44" time="0.758" /><testcase classname="tests.admin.test_admin_distribution" name="test_get_protected_list" file="tests/admin/test_admin_distribution.py" line="21" time="0.573" /><testcase classname="tests.admin.test_admin_event" name="test_trigger_event" file="tests/admin/test_admin_event.py" line="49" time="1.771" /><testcase classname="tests.admin.test_admin_event" name="test_delete_event" file="tests/admin/test_admin_event.py" line="66" time="1.718" /><testcase classname="tests.admin.test_admin_event" name="test_delete_event_protect_internal" file="tests/admin/test_admin_event.py" line="78" time="2.239" /><testcase classname="tests.admin.test_admin_event" name="test_delete_action" file="tests/admin/test_admin_event.py" line="94" time="2.293" /><testcase classname="tests.admin.test_admin_group" name="test_get_readonly_if_default" file="tests/admin/test_admin_group.py" line="44" time="0.320" /><testcase classname="tests.admin.test_admin_group" name="test_get_readonly_fields" file="tests/admin/test_admin_group.py" line="51" time="0.267" /><testcase classname="tests.admin.test_admin_index" name="test_admin_index" file="tests/admin/test_admin_index.py" line="36" time="0.759" /><testcase classname="tests.admin.test_admin_lock" name="test_admin_lock[ApplicationAdmin:bitcaster.Application]" file="tests/admin/test_admin_lock.py" line="85" time="0.784" /><testcase classname="tests.admin.test_admin_lock" name="test_admin_lock[ChannelAdmin:bitcaster.Channel]" file="tests/admin/test_admin_lock.py" line="85" time="0.781" /><testcase classname="tests.admin.test_admin_lock" name="test_admin_lock[EventAdmin:bitcaster.Event]" file="tests/admin/test_admin_lock.py" line="85" time="0.796" /><testcase classname="tests.admin.test_admin_lock" name="test_admin_lock[ProjectAdmin:bitcaster.Project]" file="tests/admin/test_admin_lock.py" line="85" time="0.599" /><testcase classname="tests.admin.test_admin_lock" name="test_admin_unlock[ApplicationAdmin:bitcaster.Application]" file="tests/admin/test_admin_lock.py" line="99" time="0.788" /><testcase classname="tests.admin.test_admin_lock" name="test_admin_unlock[ChannelAdmin:bitcaster.Channel]" file="tests/admin/test_admin_lock.py" line="99" time="0.764" /><testcase classname="tests.admin.test_admin_lock" name="test_admin_unlock[EventAdmin:bitcaster.Event]" file="tests/admin/test_admin_lock.py" line="99" time="0.790" /><testcase classname="tests.admin.test_admin_lock" name="test_admin_unlock[ProjectAdmin:bitcaster.Project]" file="tests/admin/test_admin_lock.py" line="99" time="0.595" /><testcase classname="tests.admin.test_admin_message" name="test_render" file="tests/admin/test_admin_message.py" line="55" time="3.299" /><testcase classname="tests.admin.test_admin_message" name="test_render_text" file="tests/admin/test_admin_message.py" line="62" time="3.320" /><testcase classname="tests.admin.test_admin_message" name="test_render_error" file="tests/admin/test_admin_message.py" line="69" time="3.259" /><testcase classname="tests.admin.test_admin_message" name="test_edit" file="tests/admin/test_admin_message.py" line="76" time="3.369" /><testcase classname="tests.admin.test_admin_message" name="test_send_message" file="tests/admin/test_admin_message.py" line="118" time="2.993" /><testcase classname="tests.admin.test_admin_message" name="test_send_message_fail" file="tests/admin/test_admin_message.py" line="139" time="2.961" /><testcase classname="tests.admin.test_admin_message" name="test_send_message_invalid" file="tests/admin/test_admin_message.py" line="165" time="2.958" /><testcase classname="tests.admin.test_admin_message" name="test_edit_error" file="tests/admin/test_admin_message.py" line="191" time="3.358" /><testcase classname="tests.admin.test_admin_message" name="test_add" file="tests/admin/test_admin_message.py" line="203" time="4.788" /><testcase classname="tests.admin.test_admin_message" name="test_changelist[notification]" file="tests/admin/test_admin_message.py" line="226" time="1.474" /><testcase classname="tests.admin.test_admin_message" name="test_changelist[event]" file="tests/admin/test_admin_message.py" line="226" time="1.304" /><testcase classname="tests.admin.test_admin_message" name="test_changelist[application]" file="tests/admin/test_admin_message.py" line="226" time="0.746" /><testcase classname="tests.admin.test_admin_message" name="test_changelist[project]" file="tests/admin/test_admin_message.py" line="226" time="0.568" /><testcase classname="tests.admin.test_admin_message" name="test_changelist[organization]" file="tests/admin/test_admin_message.py" line="226" time="0.574" /><testcase classname="tests.admin.test_admin_message" name="test_usage[notification]" file="tests/admin/test_admin_message.py" line="234" time="1.473" /><testcase classname="tests.admin.test_admin_message" name="test_usage[event]" file="tests/admin/test_admin_message.py" line="234" time="1.288" /><testcase classname="tests.admin.test_admin_message" name="test_usage[application]" file="tests/admin/test_admin_message.py" line="234" time="0.748" /><testcase classname="tests.admin.test_admin_message" name="test_usage[project]" file="tests/admin/test_admin_message.py" line="234" time="0.568" /><testcase classname="tests.admin.test_admin_message" name="test_usage[organization]" file="tests/admin/test_admin_message.py" line="234" time="0.571" /><testcase classname="tests.admin.test_admin_monitor" name="test_add" file="tests/admin/test_admin_monitor.py" line="69" time="1.392" /><testcase classname="tests.admin.test_admin_monitor" name="test_change" file="tests/admin/test_admin_monitor.py" line="92" time="0.782" /><testcase classname="tests.admin.test_admin_monitor" name="test_configure" file="tests/admin/test_admin_monitor.py" line="99" time="0.778" /><testcase classname="tests.admin.test_admin_monitor" name="test_schedule" file="tests/admin/test_admin_monitor.py" line="112" time="0.821" /><testcase classname="tests.admin.test_admin_monitor" name="test_monitor_test" file="tests/admin/test_admin_monitor.py" line="125" time="0.821" /><testcase classname="tests.admin.test_admin_notification" name="test_create_notification_template" file="tests/admin/test_admin_notification.py" line="35" time="3.177" /><testcase classname="tests.admin.test_admin_notification" name="test_avoid_duplicates_template" file="tests/admin/test_admin_notification.py" line="46" time="4.537" /><testcase classname="tests.admin.test_admin_notification" name="test_edit_check_environments" file="tests/admin/test_admin_notification.py" line="59" time="3.118" /><testcase classname="tests.admin.test_admin_notification" name="test_add_check_environments" file="tests/admin/test_admin_notification.py" line="71" time="3.194" /><testcase classname="tests.admin.test_admin_occurrence" name="test_purge_occurrence_permission" file="tests/admin/test_admin_occurrence.py" line="31" time="0.250" /><testcase classname="tests.admin.test_admin_occurrence" name="test_purge_occurrence" file="tests/admin/test_admin_occurrence.py" line="42" time="0.215" /><testcase classname="tests.admin.test_admin_organization" name="test_create_organization_template" file="tests/admin/test_admin_organization.py" line="49" time="1.309" /><testcase classname="tests.admin.test_admin_organization" name="test_avoid_duplicates_template" file="tests/admin/test_admin_organization.py" line="63" time="1.311" /><testcase classname="tests.admin.test_admin_organization" name="test_protected_org" file="tests/admin/test_admin_organization.py" line="80" time="0.386" /><testcase classname="tests.admin.test_admin_organization" name="test_current" file="tests/admin/test_admin_organization.py" line="90" time="0.362" /><testcase classname="tests.admin.test_admin_organization" name="test_current_add" file="tests/admin/test_admin_organization.py" line="97" time="0.195" /><testcase classname="tests.admin.test_admin_organization" name="test_create_project_if_does_not_exists" file="tests/admin/test_admin_organization.py" line="104" time="0.394" /><testcase classname="tests.admin.test_admin_organization" name="test_goto_project_if_exists" file="tests/admin/test_admin_organization.py" line="112" time="0.585" /><testcase classname="tests.admin.test_admin_organization" name="test_import_user_from_file" file="tests/admin/test_admin_organization.py" line="120" time="0.434" /><testcase classname="tests.admin.test_admin_periodictask" name="test_run" file="tests/admin/test_admin_periodictask.py" line="22" time="1.467" /><testcase classname="tests.admin.test_admin_project" name="test_get_readonly_fields" file="tests/admin/test_admin_project.py" line="23" time="1.189" /><testcase classname="tests.admin.test_admin_project" name="test_add" file="tests/admin/test_admin_project.py" line="38" time="0.945" /><testcase classname="tests.admin.test_admin_project" name="test_current" file="tests/admin/test_admin_project.py" line="50" time="0.544" /><testcase classname="tests.admin.test_admin_smoke" name="test_app_list[django_celery_beat]" file="tests/admin/test_admin_smoke.py" line="145" time="0.194" /><testcase classname="tests.admin.test_admin_smoke" name="test_app_list[auth]" file="tests/admin/test_admin_smoke.py" line="145" time="0.189" /><testcase classname="tests.admin.test_admin_smoke" name="test_app_list[constance]" file="tests/admin/test_admin_smoke.py" line="145" time="0.193" /><testcase classname="tests.admin.test_admin_smoke" name="test_app_list[flags]" file="tests/admin/test_admin_smoke.py" line="145" time="0.197" /><testcase classname="tests.admin.test_admin_smoke" name="test_app_list[bitcaster]" file="tests/admin/test_admin_smoke.py" line="145" time="0.201" /><testcase classname="tests.admin.test_admin_smoke" name="test_app_list[webpush]" file="tests/admin/test_admin_smoke.py" line="145" time="0.197" /><testcase classname="tests.admin.test_admin_smoke" name="test_app_list[social]" file="tests/admin/test_admin_smoke.py" line="145" time="0.199" /><testcase classname="tests.admin.test_admin_smoke" name="test_app_list[social_django]" file="tests/admin/test_admin_smoke.py" line="145" time="0.198" /><testcase classname="tests.admin.test_admin_smoke" name="test_app_list[taggit]" file="tests/admin/test_admin_smoke.py" line="145" time="0.198" /><testcase classname="tests.admin.test_admin_smoke" name="test_admin_changelist[CrontabScheduleAdmin:django_celery_beat.CrontabSchedule]" file="tests/admin/test_admin_smoke.py" line="151" time="0.209" /><testcase classname="tests.admin.test_admin_smoke" name="test_admin_changelist[SolarScheduleAdmin:django_celery_beat.SolarSchedule]" file="tests/admin/test_admin_smoke.py" line="151" time="0.224" /><testcase classname="tests.admin.test_admin_smoke" name="test_admin_changelist[IntervalScheduleAdmin:django_celery_beat.IntervalSchedule]" file="tests/admin/test_admin_smoke.py" line="151" time="0.212" /><testcase classname="tests.admin.test_admin_smoke" name="test_admin_changelist[GroupAdmin:auth.Group]" file="tests/admin/test_admin_smoke.py" line="151" time="0.205" /><testcase classname="tests.admin.test_admin_smoke" name="test_admin_changelist[FlagStateAdmin:flags.FlagState]" file="tests/admin/test_admin_smoke.py" line="151" time="0.213" /><testcase classname="tests.admin.test_admin_smoke" name="test_admin_changelist[PeriodicTaskAdmin:django_celery_beat.PeriodicTask]" file="tests/admin/test_admin_smoke.py" line="151" time="0.222" /><testcase classname="tests.admin.test_admin_smoke" name="test_admin_changelist[AddressAdmin:bitcaster.Address]" file="tests/admin/test_admin_smoke.py" line="151" time="0.389" /><testcase classname="tests.admin.test_admin_smoke" name="test_admin_changelist[ApiKeyAdmin:bitcaster.ApiKey]" file="tests/admin/test_admin_smoke.py" line="151" time="1.507" /><testcase classname="tests.admin.test_admin_smoke" name="test_admin_changelist[ApplicationAdmin:bitcaster.Application]" file="tests/admin/test_admin_smoke.py" line="151" time="0.756" /><testcase classname="tests.admin.test_admin_smoke" name="test_admin_changelist[AssignmentAdmin:bitcaster.Assignment]" file="tests/admin/test_admin_smoke.py" line="151" time="0.960" /><testcase classname="tests.admin.test_admin_smoke" name="test_admin_changelist[ChannelAdmin:bitcaster.Channel]" file="tests/admin/test_admin_smoke.py" line="151" time="0.759" /><testcase classname="tests.admin.test_admin_smoke" name="test_admin_changelist[DistributionListAdmin:bitcaster.DistributionList]" file="tests/admin/test_admin_smoke.py" line="151" time="0.583" /><testcase classname="tests.admin.test_admin_smoke" name="test_admin_changelist[EventAdmin:bitcaster.Event]" file="tests/admin/test_admin_smoke.py" line="151" time="0.769" /><testcase classname="tests.admin.test_admin_smoke" name="test_admin_changelist[LogMessageAdmin:bitcaster.LogMessage]" file="tests/admin/test_admin_smoke.py" line="151" time="0.766" /><testcase classname="tests.admin.test_admin_smoke" name="test_admin_changelist[MediaAdmin:bitcaster.MediaFile]" file="tests/admin/test_admin_smoke.py" line="151" time="1.747" /><testcase classname="tests.admin.test_admin_smoke" name="test_admin_changelist[MessageAdmin:bitcaster.Message]" file="tests/admin/test_admin_smoke.py" line="151" time="2.412" /><testcase classname="tests.admin.test_admin_smoke" name="test_admin_changelist[NotificationAdmin:bitcaster.Notification]" file="tests/admin/test_admin_smoke.py" line="151" time="1.100" /><testcase classname="tests.admin.test_admin_smoke" name="test_admin_changelist[OccurrenceAdmin:bitcaster.Occurrence]" file="tests/admin/test_admin_smoke.py" line="151" time="0.747" /><testcase classname="tests.admin.test_admin_smoke" name="test_admin_changelist[OrganizationAdmin:bitcaster.Organization]" file="tests/admin/test_admin_smoke.py" line="151" time="0.374" /><testcase classname="tests.admin.test_admin_smoke" name="test_admin_changelist[ProjectAdmin:bitcaster.Project]" file="tests/admin/test_admin_smoke.py" line="151" time="0.550" /><testcase classname="tests.admin.test_admin_smoke" name="test_admin_changelist[UserAdmin:bitcaster.User]" file="tests/admin/test_admin_smoke.py" line="151" time="0.200" /><testcase classname="tests.admin.test_admin_smoke" name="test_admin_changelist[UserRoleAdmin:bitcaster.UserRole]" file="tests/admin/test_admin_smoke.py" line="151" time="0.562" /><testcase classname="tests.admin.test_admin_smoke" name="test_admin_changelist[MonitorAdmin:bitcaster.Monitor]" file="tests/admin/test_admin_smoke.py" line="151" time="0.752" /><testcase classname="tests.admin.test_admin_smoke" name="test_admin_changelist[BrowserAdmin:webpush.Browser]" file="tests/admin/test_admin_smoke.py" line="151" time="0.923" /><testcase classname="tests.admin.test_admin_smoke" name="test_admin_changelist[SocialProviderAdmin:social.SocialProvider]" file="tests/admin/test_admin_smoke.py" line="151" time="0.203" /><testcase classname="tests.admin.test_admin_smoke" name="test_admin_changelist[TagAdmin:taggit.Tag]" file="tests/admin/test_admin_smoke.py" line="151" time="0.210" /><testcase classname="tests.admin.test_admin_smoke" name="test_admin_changeform[CrontabScheduleAdmin:django_celery_beat.CrontabSchedule]" file="tests/admin/test_admin_smoke.py" line="169" time="0.285" /><testcase classname="tests.admin.test_admin_smoke" name="test_admin_changeform[SolarScheduleAdmin:django_celery_beat.SolarSchedule]" file="tests/admin/test_admin_smoke.py" line="169" time="0.220" /><testcase classname="tests.admin.test_admin_smoke" name="test_admin_changeform[IntervalScheduleAdmin:django_celery_beat.IntervalSchedule]" file="tests/admin/test_admin_smoke.py" line="169" time="0.213" /><testcase classname="tests.admin.test_admin_smoke" name="test_admin_changeform[GroupAdmin:auth.Group]" file="tests/admin/test_admin_smoke.py" line="169" time="0.267" /><testcase classname="tests.admin.test_admin_smoke" name="test_admin_changeform[FlagStateAdmin:flags.FlagState]" file="tests/admin/test_admin_smoke.py" line="169" time="0.216" /><testcase classname="tests.admin.test_admin_smoke" name="test_admin_changeform[PeriodicTaskAdmin:django_celery_beat.PeriodicTask]" file="tests/admin/test_admin_smoke.py" line="169" time="0.250" /><testcase classname="tests.admin.test_admin_smoke" name="test_admin_changeform[AddressAdmin:bitcaster.Address]" file="tests/admin/test_admin_smoke.py" line="169" time="0.403" /><testcase classname="tests.admin.test_admin_smoke" name="test_admin_changeform[ApiKeyAdmin:bitcaster.ApiKey]" file="tests/admin/test_admin_smoke.py" line="169" time="1.485" /><testcase classname="tests.admin.test_admin_smoke" name="test_admin_changeform[ApplicationAdmin:bitcaster.Application]" file="tests/admin/test_admin_smoke.py" line="169" time="0.766" /><testcase classname="tests.admin.test_admin_smoke" name="test_admin_changeform[AssignmentAdmin:bitcaster.Assignment]" file="tests/admin/test_admin_smoke.py" line="169" time="0.943" /><testcase classname="tests.admin.test_admin_smoke" name="test_admin_changeform[ChannelAdmin:bitcaster.Channel]" file="tests/admin/test_admin_smoke.py" line="169" time="0.764" /><testcase classname="tests.admin.test_admin_smoke" name="test_admin_changeform[DistributionListAdmin:bitcaster.DistributionList]" file="tests/admin/test_admin_smoke.py" line="169" time="0.590" /><testcase classname="tests.admin.test_admin_smoke" name="test_admin_changeform[EventAdmin:bitcaster.Event]" file="tests/admin/test_admin_smoke.py" line="169" time="0.768" /><testcase classname="tests.admin.test_admin_smoke" name="test_admin_changeform[LogMessageAdmin:bitcaster.LogMessage]" file="tests/admin/test_admin_smoke.py" line="169" time="0.759" /><testcase classname="tests.admin.test_admin_smoke" name="test_admin_changeform[MediaAdmin:bitcaster.MediaFile]" file="tests/admin/test_admin_smoke.py" line="169" time="1.309" /><testcase classname="tests.admin.test_admin_smoke" name="test_admin_changeform[MessageAdmin:bitcaster.Message]" file="tests/admin/test_admin_smoke.py" line="169" time="2.471" /><testcase classname="tests.admin.test_admin_smoke" name="test_admin_changeform[NotificationAdmin:bitcaster.Notification]" file="tests/admin/test_admin_smoke.py" line="169" time="1.130" /><testcase classname="tests.admin.test_admin_smoke" name="test_admin_changeform[OccurrenceAdmin:bitcaster.Occurrence]" file="tests/admin/test_admin_smoke.py" line="169" time="0.746" /><testcase classname="tests.admin.test_admin_smoke" name="test_admin_changeform[OrganizationAdmin:bitcaster.Organization]" file="tests/admin/test_admin_smoke.py" line="169" time="0.394" /><testcase classname="tests.admin.test_admin_smoke" name="test_admin_changeform[ProjectAdmin:bitcaster.Project]" file="tests/admin/test_admin_smoke.py" line="169" time="0.588" /><testcase classname="tests.admin.test_admin_smoke" name="test_admin_changeform[UserAdmin:bitcaster.User]" file="tests/admin/test_admin_smoke.py" line="169" time="0.224" /><testcase classname="tests.admin.test_admin_smoke" name="test_admin_changeform[UserRoleAdmin:bitcaster.UserRole]" file="tests/admin/test_admin_smoke.py" line="169" time="0.591" /><testcase classname="tests.admin.test_admin_smoke" name="test_admin_changeform[MonitorAdmin:bitcaster.Monitor]" file="tests/admin/test_admin_smoke.py" line="169" time="0.762" /><testcase classname="tests.admin.test_admin_smoke" name="test_admin_changeform[BrowserAdmin:webpush.Browser]" file="tests/admin/test_admin_smoke.py" line="169" time="0.941" /><testcase classname="tests.admin.test_admin_smoke" name="test_admin_changeform[SocialProviderAdmin:social.SocialProvider]" file="tests/admin/test_admin_smoke.py" line="169" time="0.212" /><testcase classname="tests.admin.test_admin_smoke" name="test_admin_changeform[TagAdmin:taggit.Tag]" file="tests/admin/test_admin_smoke.py" line="169" time="0.278" /><testcase classname="tests.admin.test_admin_smoke" name="test_admin_add[CrontabScheduleAdmin:django_celery_beat.CrontabSchedule]" file="tests/admin/test_admin_smoke.py" line="181" time="0.268" /><testcase classname="tests.admin.test_admin_smoke" name="test_admin_add[SolarScheduleAdmin:django_celery_beat.SolarSchedule]" file="tests/admin/test_admin_smoke.py" line="181" time="0.217" /><testcase classname="tests.admin.test_admin_smoke" name="test_admin_add[IntervalScheduleAdmin:django_celery_beat.IntervalSchedule]" file="tests/admin/test_admin_smoke.py" line="181" time="0.214" /><testcase classname="tests.admin.test_admin_smoke" name="test_admin_add[GroupAdmin:auth.Group]" file="tests/admin/test_admin_smoke.py" line="181" time="0.293" /><testcase classname="tests.admin.test_admin_smoke" name="test_admin_add[FlagStateAdmin:flags.FlagState]" file="tests/admin/test_admin_smoke.py" line="181" time="0.216" /><testcase classname="tests.admin.test_admin_smoke" name="test_admin_add[PeriodicTaskAdmin:django_celery_beat.PeriodicTask]" file="tests/admin/test_admin_smoke.py" line="181" time="0.360" /><testcase classname="tests.admin.test_admin_smoke" name="test_admin_add[AddressAdmin:bitcaster.Address]" file="tests/admin/test_admin_smoke.py" line="181" time="0.219" /><testcase classname="tests.admin.test_admin_smoke" name="test_admin_add[ApiKeyAdmin:bitcaster.ApiKey]" file="tests/admin/test_admin_smoke.py" line="181" time="0.242" /><testcase classname="tests.admin.test_admin_smoke" name="test_admin_add[ApplicationAdmin:bitcaster.Application]" file="tests/admin/test_admin_smoke.py" line="181" time="0.182"><skipped type="pytest.skip" message="No 'add' permission">/Users/sax/Documents/data/PROGETTI/hanarero/bitcaster/tests/admin/test_admin_smoke.py:190: No 'add' permission</skipped></testcase><testcase classname="tests.admin.test_admin_smoke" name="test_admin_add[AssignmentAdmin:bitcaster.Assignment]" file="tests/admin/test_admin_smoke.py" line="181" time="0.215" /><testcase classname="tests.admin.test_admin_smoke" name="test_admin_add[ChannelAdmin:bitcaster.Channel]" file="tests/admin/test_admin_smoke.py" line="181" time="0.208" /><testcase classname="tests.admin.test_admin_smoke" name="test_admin_add[DistributionListAdmin:bitcaster.DistributionList]" file="tests/admin/test_admin_smoke.py" line="181" time="0.221" /><testcase classname="tests.admin.test_admin_smoke" name="test_admin_add[EventAdmin:bitcaster.Event]" file="tests/admin/test_admin_smoke.py" line="181" time="0.206" /><testcase classname="tests.admin.test_admin_smoke" name="test_admin_add[LogMessageAdmin:bitcaster.LogMessage]" file="tests/admin/test_admin_smoke.py" line="181" time="0.213" /><testcase classname="tests.admin.test_admin_smoke" name="test_admin_add[MessageAdmin:bitcaster.Message]" file="tests/admin/test_admin_smoke.py" line="181" time="0.216" /><testcase classname="tests.admin.test_admin_smoke" name="test_admin_add[NotificationAdmin:bitcaster.Notification]" file="tests/admin/test_admin_smoke.py" line="181" time="0.222" /><testcase classname="tests.admin.test_admin_smoke" name="test_admin_add[OccurrenceAdmin:bitcaster.Occurrence]" file="tests/admin/test_admin_smoke.py" line="181" time="0.180"><skipped type="pytest.skip" message="No 'add' permission">/Users/sax/Documents/data/PROGETTI/hanarero/bitcaster/tests/admin/test_admin_smoke.py:190: No 'add' permission</skipped></testcase><testcase classname="tests.admin.test_admin_smoke" name="test_admin_add[OrganizationAdmin:bitcaster.Organization]" file="tests/admin/test_admin_smoke.py" line="181" time="0.226" /><testcase classname="tests.admin.test_admin_smoke" name="test_admin_add[ProjectAdmin:bitcaster.Project]" file="tests/admin/test_admin_smoke.py" line="181" time="0.226" /><testcase classname="tests.admin.test_admin_smoke" name="test_admin_add[UserAdmin:bitcaster.User]" file="tests/admin/test_admin_smoke.py" line="181" time="0.224" /><testcase classname="tests.admin.test_admin_smoke" name="test_admin_add[UserRoleAdmin:bitcaster.UserRole]" file="tests/admin/test_admin_smoke.py" line="181" time="0.227" /><testcase classname="tests.admin.test_admin_smoke" name="test_admin_add[MonitorAdmin:bitcaster.Monitor]" file="tests/admin/test_admin_smoke.py" line="181" time="0.220" /><testcase classname="tests.admin.test_admin_smoke" name="test_admin_add[BrowserAdmin:webpush.Browser]" file="tests/admin/test_admin_smoke.py" line="181" time="0.216" /><testcase classname="tests.admin.test_admin_smoke" name="test_admin_add[SocialProviderAdmin:social.SocialProvider]" file="tests/admin/test_admin_smoke.py" line="181" time="0.215" /><testcase classname="tests.admin.test_admin_smoke" name="test_admin_add[TagAdmin:taggit.Tag]" file="tests/admin/test_admin_smoke.py" line="181" time="0.283" /><testcase classname="tests.admin.test_admin_smoke" name="test_admin_delete[CrontabScheduleAdmin:django_celery_beat.CrontabSchedule]" file="tests/admin/test_admin_smoke.py" line="192" time="0.210" /><testcase classname="tests.admin.test_admin_smoke" name="test_admin_delete[SolarScheduleAdmin:django_celery_beat.SolarSchedule]" file="tests/admin/test_admin_smoke.py" line="192" time="0.209" /><testcase classname="tests.admin.test_admin_smoke" name="test_admin_delete[IntervalScheduleAdmin:django_celery_beat.IntervalSchedule]" file="tests/admin/test_admin_smoke.py" line="192" time="0.211" /><testcase classname="tests.admin.test_admin_smoke" name="test_admin_delete[GroupAdmin:auth.Group]" file="tests/admin/test_admin_smoke.py" line="192" time="0.213" /><testcase classname="tests.admin.test_admin_smoke" name="test_admin_delete[FlagStateAdmin:flags.FlagState]" file="tests/admin/test_admin_smoke.py" line="192" time="0.200" /><testcase classname="tests.admin.test_admin_smoke" name="test_admin_delete[PeriodicTaskAdmin:django_celery_beat.PeriodicTask]" file="tests/admin/test_admin_smoke.py" line="192" time="0.215" /><testcase classname="tests.admin.test_admin_smoke" name="test_admin_delete[AddressAdmin:bitcaster.Address]" file="tests/admin/test_admin_smoke.py" line="192" time="0.389" /><testcase classname="tests.admin.test_admin_smoke" name="test_admin_delete[ApiKeyAdmin:bitcaster.ApiKey]" file="tests/admin/test_admin_smoke.py" line="192" time="1.456" /><testcase classname="tests.admin.test_admin_smoke" name="test_admin_delete[ApplicationAdmin:bitcaster.Application]" file="tests/admin/test_admin_smoke.py" line="192" time="0.762" /><testcase classname="tests.admin.test_admin_smoke" name="test_admin_delete[AssignmentAdmin:bitcaster.Assignment]" file="tests/admin/test_admin_smoke.py" line="192" time="0.923" /><testcase classname="tests.admin.test_admin_smoke" name="test_admin_delete[ChannelAdmin:bitcaster.Channel]" file="tests/admin/test_admin_smoke.py" line="192" time="0.760" /><testcase classname="tests.admin.test_admin_smoke" name="test_admin_delete[DistributionListAdmin:bitcaster.DistributionList]" file="tests/admin/test_admin_smoke.py" line="192" time="0.572" /><testcase classname="tests.admin.test_admin_smoke" name="test_admin_delete[EventAdmin:bitcaster.Event]" file="tests/admin/test_admin_smoke.py" line="192" time="0.863" /><testcase classname="tests.admin.test_admin_smoke" name="test_admin_delete[LogMessageAdmin:bitcaster.LogMessage]" file="tests/admin/test_admin_smoke.py" line="192" time="0.739" /><testcase classname="tests.admin.test_admin_smoke" name="test_admin_delete[MediaAdmin:bitcaster.MediaFile]" file="tests/admin/test_admin_smoke.py" line="192" time="1.280" /><testcase classname="tests.admin.test_admin_smoke" name="test_admin_delete[MessageAdmin:bitcaster.Message]" file="tests/admin/test_admin_smoke.py" line="192" time="2.405" /><testcase classname="tests.admin.test_admin_smoke" name="test_admin_delete[NotificationAdmin:bitcaster.Notification]" file="tests/admin/test_admin_smoke.py" line="192" time="1.138" /><testcase classname="tests.admin.test_admin_smoke" name="test_admin_delete[OccurrenceAdmin:bitcaster.Occurrence]" file="tests/admin/test_admin_smoke.py" line="192" time="0.778" /><testcase classname="tests.admin.test_admin_smoke" name="test_admin_delete[ProjectAdmin:bitcaster.Project]" file="tests/admin/test_admin_smoke.py" line="192" time="0.598" /><testcase classname="tests.admin.test_admin_smoke" name="test_admin_delete[UserAdmin:bitcaster.User]" file="tests/admin/test_admin_smoke.py" line="192" time="0.251" /><testcase classname="tests.admin.test_admin_smoke" name="test_admin_delete[UserRoleAdmin:bitcaster.UserRole]" file="tests/admin/test_admin_smoke.py" line="192" time="0.572" /><testcase classname="tests.admin.test_admin_smoke" name="test_admin_delete[MonitorAdmin:bitcaster.Monitor]" file="tests/admin/test_admin_smoke.py" line="192" time="0.753" /><testcase classname="tests.admin.test_admin_smoke" name="test_admin_delete[SocialProviderAdmin:social.SocialProvider]" file="tests/admin/test_admin_smoke.py" line="192" time="0.202" /><testcase classname="tests.admin.test_admin_smoke" name="test_admin_delete[TagAdmin:taggit.Tag]" file="tests/admin/test_admin_smoke.py" line="192" time="0.207" /><testcase classname="tests.admin.test_admin_smoke" name="test_admin_buttons[django_celery_beat.PeriodicTaskAdmin:run]" file="tests/admin/test_admin_smoke.py" line="205" time="0.204" /><testcase classname="tests.admin.test_admin_smoke" name="test_admin_buttons[bitcaster.ApiKeyAdmin:show_key]" file="tests/admin/test_admin_smoke.py" line="205" time="1.450" /><testcase classname="tests.admin.test_admin_smoke" name="test_admin_buttons[bitcaster.ApplicationAdmin:events]" file="tests/admin/test_admin_smoke.py" line="205" time="0.727" /><testcase classname="tests.admin.test_admin_smoke" name="test_admin_buttons[bitcaster.ApplicationAdmin:notifications]" file="tests/admin/test_admin_smoke.py" line="205" time="0.715" /><testcase classname="tests.admin.test_admin_smoke" name="test_admin_buttons[bitcaster.ApplicationAdmin:add_event]" file="tests/admin/test_admin_smoke.py" line="205" time="0.725" /><testcase classname="tests.admin.test_admin_smoke" name="test_admin_buttons[bitcaster.AssignmentAdmin:validate]" file="tests/admin/test_admin_smoke.py" line="205" time="0.931" /><testcase classname="tests.admin.test_admin_smoke" name="test_admin_buttons[bitcaster.ChannelAdmin:events]" file="tests/admin/test_admin_smoke.py" line="205" time="0.722" /><testcase classname="tests.admin.test_admin_smoke" name="test_admin_buttons[bitcaster.ChannelAdmin:configure]" file="tests/admin/test_admin_smoke.py" line="205" time="0.750" /><testcase classname="tests.admin.test_admin_smoke" name="test_admin_buttons[bitcaster.ChannelAdmin:test]" file="tests/admin/test_admin_smoke.py" line="205" time="0.741" /><testcase classname="tests.admin.test_admin_smoke" name="test_admin_buttons[bitcaster.EventAdmin:trigger_event]" file="tests/admin/test_admin_smoke.py" line="205" time="0.741" /><testcase classname="tests.admin.test_admin_smoke" name="test_admin_buttons[bitcaster.EventAdmin:notifications]" file="tests/admin/test_admin_smoke.py" line="205" time="0.727" /><testcase classname="tests.admin.test_admin_smoke" name="test_admin_buttons[bitcaster.MessageAdmin:edit]" file="tests/admin/test_admin_smoke.py" line="205" time="2.359" /><testcase classname="tests.admin.test_admin_smoke" name="test_admin_buttons[bitcaster.MessageAdmin:usage]" file="tests/admin/test_admin_smoke.py" line="205" time="2.357" /><testcase classname="tests.admin.test_admin_smoke" name="test_admin_buttons[bitcaster.NotificationAdmin:messages]" file="tests/admin/test_admin_smoke.py" line="205" time="1.111" /><testcase classname="tests.admin.test_admin_smoke" name="test_admin_buttons[bitcaster.OccurrenceAdmin:process]" file="tests/admin/test_admin_smoke.py" line="205" time="0.744" /><testcase classname="tests.admin.test_admin_smoke" name="test_admin_buttons[bitcaster.OccurrenceAdmin:purge]" file="tests/admin/test_admin_smoke.py" line="205" time="0.761" /><testcase classname="tests.admin.test_admin_smoke" name="test_admin_buttons[bitcaster.OccurrenceAdmin:payload]" file="tests/admin/test_admin_smoke.py" line="205" time="0.762" /><testcase classname="tests.admin.test_admin_smoke" name="test_admin_buttons[bitcaster.OrganizationAdmin:channels]" file="tests/admin/test_admin_smoke.py" line="205" time="0.375" /><testcase classname="tests.admin.test_admin_smoke" name="test_admin_buttons[bitcaster.OrganizationAdmin:project]" file="tests/admin/test_admin_smoke.py" line="205" time="0.375" /><testcase classname="tests.admin.test_admin_smoke" name="test_admin_buttons[bitcaster.OrganizationAdmin:create_channel]" file="tests/admin/test_admin_smoke.py" line="205" time="0.374" /><testcase classname="tests.admin.test_admin_smoke" name="test_admin_buttons[bitcaster.OrganizationAdmin:templates]" file="tests/admin/test_admin_smoke.py" line="205" time="0.383" /><testcase classname="tests.admin.test_admin_smoke" name="test_admin_buttons[bitcaster.OrganizationAdmin:import_from_file]" file="tests/admin/test_admin_smoke.py" line="205" time="0.373" /><testcase classname="tests.admin.test_admin_smoke" name="test_admin_buttons[bitcaster.ProjectAdmin:add_application]" file="tests/admin/test_admin_smoke.py" line="205" time="0.552" /><testcase classname="tests.admin.test_admin_smoke" name="test_admin_buttons[bitcaster.ProjectAdmin:add_distribution_list]" file="tests/admin/test_admin_smoke.py" line="205" time="0.561" /><testcase classname="tests.admin.test_admin_smoke" name="test_admin_buttons[bitcaster.ProjectAdmin:add_channel]" file="tests/admin/test_admin_smoke.py" line="205" time="0.569" /><testcase classname="tests.admin.test_admin_smoke" name="test_admin_buttons[bitcaster.UserAdmin:addresses]" file="tests/admin/test_admin_smoke.py" line="205" time="0.186" /><testcase classname="tests.admin.test_admin_smoke" name="test_admin_buttons[bitcaster.UserAdmin:lists]" file="tests/admin/test_admin_smoke.py" line="205" time="0.186" /><testcase classname="tests.admin.test_admin_smoke" name="test_admin_buttons[bitcaster.UserAdmin:notifications]" file="tests/admin/test_admin_smoke.py" line="205" time="0.187" /><testcase classname="tests.admin.test_admin_smoke" name="test_admin_buttons[bitcaster.UserAdmin:events]" file="tests/admin/test_admin_smoke.py" line="205" time="0.186" /><testcase classname="tests.admin.test_admin_smoke" name="test_admin_buttons[bitcaster.MonitorAdmin:events]" file="tests/admin/test_admin_smoke.py" line="205" time="0.759" /><testcase classname="tests.admin.test_admin_smoke" name="test_admin_buttons[bitcaster.MonitorAdmin:configure]" file="tests/admin/test_admin_smoke.py" line="205" time="0.764" /><testcase classname="tests.admin.test_admin_smoke" name="test_admin_buttons[bitcaster.MonitorAdmin:schedule]" file="tests/admin/test_admin_smoke.py" line="205" time="0.759" /><testcase classname="tests.admin.test_admin_smoke" name="test_admin_buttons[bitcaster.MonitorAdmin:test]" file="tests/admin/test_admin_smoke.py" line="205" time="0.748" /><testcase classname="tests.admin.test_admin_smoke" name="test_admin_buttons[webpush.BrowserAdmin:validate]" file="tests/admin/test_admin_smoke.py" line="205" time="0.921" /><testcase classname="tests.admin.test_admin_social" name="test_get_readonly_if_default" file="tests/admin/test_admin_social.py" line="32" time="0.214" /><testcase classname="tests.admin.test_admin_user" name="test_add_to_distributionlist" file="tests/admin/test_admin_user.py" line="21" time="4.278" /><testcase classname="tests.agents.test_agent_fs" name="test_agent_fs_config" file="tests/agents/test_agent_fs.py" line="46" time="1.160" /><testcase classname="tests.agents.test_agent_fs" name="test_agent_fs_check_dir" file="tests/agents/test_agent_fs.py" line="50" time="1.091" /><testcase classname="tests.agents.test_agent_fs" name="test_agent_fs_check_file" file="tests/agents/test_agent_fs.py" line="74" time="1.083" /><testcase classname="tests.agents.test_agent_fs" name="test_agent_fs_delete_file" file="tests/agents/test_agent_fs.py" line="95" time="1.082" /><testcase classname="tests.agents.test_agent_fs" name="test_agent_fs_test" file="tests/agents/test_agent_fs.py" line="106" time="1.089" /><testcase classname="tests.agents.test_agent_fs" name="test_agent_fs_no_update" file="tests/agents/test_agent_fs.py" line="113" time="1.091" /><testcase classname="tests.agents.test_agent_fs" name="test_agent_validate_config" file="tests/agents/test_agent_fs.py" line="120" time="1.085" /><testcase classname="tests.agents.test_agent_fs" name="test_resolve_path_root[b.txt-/root/b.txt]" file="tests/agents/test_agent_fs.py" line="139" time="0.002" /><testcase classname="tests.agents.test_agent_fs" name="test_resolve_path_root[a/b.txt-/root/a/b.txt]" file="tests/agents/test_agent_fs.py" line="139" time="0.002" /><testcase classname="tests.agents.test_agent_fs" name="test_resolve_path_root[/a/b.txt-/root/a/b.txt]" file="tests/agents/test_agent_fs.py" line="139" time="0.002" /><testcase classname="tests.agents.test_agent_fs" name="test_resolve_path_root[/a/b/../../b.txt-/root/b.txt]" file="tests/agents/test_agent_fs.py" line="139" time="0.002" /><testcase classname="tests.agents.test_agent_fs" name="test_resolve_path_root[/-/root]" file="tests/agents/test_agent_fs.py" line="139" time="0.002" /><testcase classname="tests.agents.test_agent_fs" name="test_resolve_path_root[a/-/root/a]" file="tests/agents/test_agent_fs.py" line="139" time="0.002" /><testcase classname="tests.agents.test_agent_fs" name="test_resolve_path_no_root[/root/b.txt-/root/b.txt]" file="tests/agents/test_agent_fs.py" line="155" time="0.002" /><testcase classname="tests.agents.test_agent_fs" name="test_resolve_path_no_root[/root/a/b.txt-/root/a/b.txt]" file="tests/agents/test_agent_fs.py" line="155" time="0.002" /><testcase classname="tests.agents.test_agent_fs" name="test_resolve_path_no_root[/root/a/b/../../b.txt-/root/b.txt]" file="tests/agents/test_agent_fs.py" line="155" time="0.003" /><testcase classname="tests.agents.test_agent_fs" name="test_validate_path_no_root[/Users/sax/Documents/data/PROGETTI/hanarero/bitcaster/tests/agents/test_agent_fs.py]" file="tests/agents/test_agent_fs.py" line="168" time="0.002" /><testcase classname="tests.agents.test_agent_fs" name="test_validate_path_no_root[/Users/sax/Documents/data/PROGETTI/hanarero/bitcaster/tests/agents]" file="tests/agents/test_agent_fs.py" line="168" time="0.002" /><testcase classname="tests.agents.test_agent_fs" name="test_validate_path_no_root[/Users/sax/Documents/data/PROGETTI/hanarero/bitcaster/tests/agents/]" file="tests/agents/test_agent_fs.py" line="168" time="0.002" /><testcase classname="tests.agents.test_agent_fs" name="test_validate_path_root[/Users/sax/Documents/data/PROGETTI/hanarero/bitcaster/tests/agents/test_agent_fs.py]" file="tests/agents/test_agent_fs.py" line="174" time="0.002" /><testcase classname="tests.agents.test_agent_fs" name="test_validate_path_root[/Users/sax/Documents/data/PROGETTI/hanarero/bitcaster/tests/agents]" file="tests/agents/test_agent_fs.py" line="174" time="0.003" /><testcase classname="tests.agents.test_agent_fs" name="test_validate_path_root[/Users/sax/Documents/data/PROGETTI/hanarero/bitcaster/tests/agents/]" file="tests/agents/test_agent_fs.py" line="174" time="0.002" /><testcase classname="tests.agents.test_agent_fs" name="test_validate_path_error[../../]" file="tests/agents/test_agent_fs.py" line="180" time="0.002" /><testcase classname="tests.agents.test_agent_ftp" name="test_agent_ftp_config" file="tests/agents/test_agent_ftp.py" line="41" time="1.088" /><testcase classname="tests.agents.test_agent_ftp" name="test_agent_ftp_check" file="tests/agents/test_agent_ftp.py" line="45" time="1.091" /><testcase classname="tests.api.test_api_authentication" name="test_authenticate" file="tests/api/test_api_authentication.py" line="44" time="1.258" /><testcase classname="tests.api.test_api_authentication" name="test_handle_permission_error" file="tests/api/test_api_authentication.py" line="55" time="0.369" /><testcase classname="tests.api.test_api_backend" name="test_has_specific_permission[FULL_ACCESS]" file="tests/api/test_api_backend.py" line="56" time="2.519" /><testcase classname="tests.api.test_api_backend" name="test_has_specific_permission[SYSTEM_PING]" file="tests/api/test_api_backend.py" line="56" time="2.526" /><testcase classname="tests.api.test_api_backend" name="test_has_specific_permission[USER_READ]" file="tests/api/test_api_backend.py" line="56" time="2.509" /><testcase classname="tests.api.test_api_backend" name="test_has_specific_permission[USER_WRITE]" file="tests/api/test_api_backend.py" line="56" time="2.504" /><testcase classname="tests.api.test_api_backend" name="test_has_specific_permission[ORG_READ]" file="tests/api/test_api_backend.py" line="56" time="2.518" /><testcase classname="tests.api.test_api_backend" name="test_has_specific_permission[APPLICATION_ADMIN]" file="tests/api/test_api_backend.py" line="56" time="2.508" /><testcase classname="tests.api.test_api_backend" name="test_has_specific_permission[EVENT_LIST]" file="tests/api/test_api_backend.py" line="56" time="2.528" /><testcase classname="tests.api.test_api_backend" name="test_has_specific_permission[EVENT_TRIGGER]" file="tests/api/test_api_backend.py" line="56" time="2.510" /><testcase classname="tests.api.test_api_backend" name="test_has_specific_permission[DISTRIBUTION_LIST]" file="tests/api/test_api_backend.py" line="56" time="2.538" /><testcase classname="tests.api.test_api_backend" name="test_scope" file="tests/api/test_api_backend.py" line="69" time="2.602" /><testcase classname="tests.api.test_api_backend" name="test_invalid_scope" file="tests/api/test_api_backend.py" line="91" time="2.513" /><testcase classname="tests.api.test_api_backend" name="test_has_permission" file="tests/api/test_api_backend.py" line="114" time="2.578" /><testcase classname="tests.api.test_api_backend" name="test_user_inactive" file="tests/api/test_api_backend.py" line="140" time="2.603" /><testcase classname="tests.api.test_api_backend" name="test_has_object_permission" file="tests/api/test_api_backend.py" line="163" time="2.596" /><testcase classname="tests.api.test_api_backend" name="test_valid_scope" file="tests/api/test_api_backend.py" line="195" time="2.538" /><testcase classname="tests.api.test_api_lists" name="test_distribution_list" file="tests/api/test_api_lists.py" line="87" time="1.652" /><testcase classname="tests.api.test_api_lists" name="test_distribution_create" file="tests/api/test_api_lists.py" line="100" time="1.647" /><testcase classname="tests.api.test_api_lists" name="test_distribution_create_duplicate" file="tests/api/test_api_lists.py" line="108" time="1.651" /><testcase classname="tests.api.test_api_lists" name="test_distribution_add_recipient" file="tests/api/test_api_lists.py" line="115" time="1.655" /><testcase classname="tests.api.test_api_lists" name="test_distribution_add_recipient_error" file="tests/api/test_api_lists.py" line="124" time="1.665" /><testcase classname="tests.api.test_api_org" name="test_org_detail" file="tests/api/test_api_org.py" line="88" time="1.112" /><testcase classname="tests.api.test_api_org" name="test_org_channels" file="tests/api/test_api_org.py" line="97" time="1.291" /><testcase classname="tests.api.test_api_org" name="test_user_list" file="tests/api/test_api_org.py" line="113" time="1.484" /><testcase classname="tests.api.test_api_org" name="test_user_add_existing" file="tests/api/test_api_org.py" line="123" time="1.303" /><testcase classname="tests.api.test_api_org" name="test_user_create" file="tests/api/test_api_org.py" line="131" time="1.137" /><testcase classname="tests.api.test_api_org" name="test_user_update" file="tests/api/test_api_org.py" line="140" time="1.127" /><testcase classname="tests.api.test_api_org" name="test_user_update_invalid" file="tests/api/test_api_org.py" line="148" time="1.117" /><testcase classname="tests.api.test_api_org" name="test_user_addresses" file="tests/api/test_api_org.py" line="155" time="1.109" /><testcase classname="tests.api.test_api_org" name="test_user_addresses_add" file="tests/api/test_api_org.py" line="162" time="1.116" /><testcase classname="tests.api.test_api_org" name="test_user_addresses_add_invalid" file="tests/api/test_api_org.py" line="171" time="1.120" /><testcase classname="tests.api.test_api_schema" name="test_api_schema" file="tests/api/test_api_schema.py" line="20" time="0.220" /><testcase classname="tests.api.test_api_schema" name="test_api_swagger" file="tests/api/test_api_schema.py" line="27" time="0.184" /><testcase classname="tests.api.test_api_schema" name="test_api_redoc" file="tests/api/test_api_schema.py" line="34" time="0.180" /><testcase classname="tests.api.test_api_smoke" name="test_urls[OrgView]" file="tests/api/test_api_smoke.py" line="110" time="1.477" /><testcase classname="tests.api.test_api_smoke" name="test_urls[UserView]" file="tests/api/test_api_smoke.py" line="110" time="1.481" /><testcase classname="tests.api.test_api_smoke" name="test_urls[ProjectView]" file="tests/api/test_api_smoke.py" line="110" time="1.483" /><testcase classname="tests.api.test_api_smoke" name="test_urls[DistributionView]" file="tests/api/test_api_smoke.py" line="110" time="1.472" /><testcase classname="tests.api.test_api_smoke" name="test_urls[DistributionMembersView]" file="tests/api/test_api_smoke.py" line="110" time="1.463" /><testcase classname="tests.api.test_api_smoke" name="test_urls[ApplicationView]" file="tests/api/test_api_smoke.py" line="110" time="1.474" /><testcase classname="tests.api.test_api_smoke" name="test_urls[ChannelView]" file="tests/api/test_api_smoke.py" line="110" time="1.460" /><testcase classname="tests.api.test_api_smoke" name="test_urls[view]" file="tests/api/test_api_smoke.py" line="110" time="1.464" /><testcase classname="tests.api.test_api_system" name="test_ping" file="tests/api/test_api_system.py" line="42" time="1.255" /><testcase classname="tests.api.test_api_trigger" name="test_trigger_invalid" file="tests/api/test_api_trigger.py" line="80" time="4.497" /><testcase classname="tests.api.test_api_trigger" name="test_trigger_405" file="tests/api/test_api_trigger.py" line="90" time="4.480" /><testcase classname="tests.api.test_api_trigger" name="test_trigger_security" file="tests/api/test_api_trigger.py" line="100" time="4.505" /><testcase classname="tests.api.test_api_trigger" name="test_trigger_permission[EVENT_TRIGGER-201]" file="tests/api/test_api_trigger.py" line="106" time="4.450" /><testcase classname="tests.api.test_api_trigger" name="test_trigger_permission[SYSTEM_PING-403]" file="tests/api/test_api_trigger.py" line="106" time="4.448" /><testcase classname="tests.api.test_api_trigger" name="test_trigger_permission[perm2-403]" file="tests/api/test_api_trigger.py" line="106" time="4.467" /><testcase classname="tests.api.test_api_trigger" name="test_trigger" file="tests/api/test_api_trigger.py" line="124" time="4.490" /><testcase classname="tests.api.test_api_trigger" name="test_cid" file="tests/api/test_api_trigger.py" line="148" time="4.494" /><testcase classname="tests.api.test_api_trigger" name="test_trigger_404" file="tests/api/test_api_trigger.py" line="175" time="4.475" /><testcase classname="tests.api.test_api_trigger" name="test_trigger_limit_to_receiver" file="tests/api/test_api_trigger.py" line="192" time="4.492" /><testcase classname="tests.api.test_api_trigger" name="test_trigger_limit_by_channel" file="tests/api/test_api_trigger.py" line="224" time="4.483" /><testcase classname="tests.api.test_api_trigger" name="test_trigger_limit_to_with_wrong_receiver" file="tests/api/test_api_trigger.py" line="254" time="4.539" /><testcase classname="tests.api.test_api_trigger" name="test_trigger_invalid_options" file="tests/api/test_api_trigger.py" line="287" time="4.543" /><testcase classname="tests.api.test_api_trigger" name="test_trigger_selected_environment" file="tests/api/test_api_trigger.py" line="298" time="5.502" /><testcase classname="tests.api.test_api_trigger" name="test_trigger_environment_by_key" file="tests/api/test_api_trigger.py" line="334" time="5.509" /><testcase classname="tests.api.test_api_trigger" name="test_trigger_locked_project" file="tests/api/test_api_trigger.py" line="364" time="4.530" /><testcase classname="tests.api.test_api_trigger" name="test_trigger_locked_application" file="tests/api/test_api_trigger.py" line="378" time="4.582" /><testcase classname="tests.api.test_api_trigger" name="test_trigger_locked_channel" file="tests/api/test_api_trigger.py" line="392" time="4.556" /><testcase classname="tests.api.test_api_trigger" name="test_trigger_locked_event" file="tests/api/test_api_trigger.py" line="405" time="4.494" /><testcase classname="tests.dispatchers.test_d_base" name="test_registry" file="tests/dispatchers/test_d_base.py" line="10" time="0.002" /><testcase classname="tests.dispatchers.test_d_base" name="test_methods" file="tests/dispatchers/test_d_base.py" line="17" time="0.002" /><testcase classname="tests.dispatchers.test_d_gmail" name="test_gmail[]" file="tests/dispatchers/test_d_gmail.py" line="17" time="0.567" /><testcase classname="tests.dispatchers.test_d_gmail" name="test_gmail[html_message]" file="tests/dispatchers/test_d_gmail.py" line="17" time="0.565" /><testcase classname="tests.dispatchers.test_d_gmail" name="test_config" file="tests/dispatchers/test_d_gmail.py" line="36" time="0.003" /><testcase classname="tests.dispatchers.test_d_log" name="test_log" file="tests/dispatchers/test_d_log.py" line="14" time="0.541" /><testcase classname="tests.dispatchers.test_d_mailgun" name="test_mailgun[]" file="tests/dispatchers/test_d_mailgun.py" line="14" time="0.538" /><testcase classname="tests.dispatchers.test_d_mailgun" name="test_mailgun[html_message]" file="tests/dispatchers/test_d_mailgun.py" line="14" time="0.535" /><testcase classname="tests.dispatchers.test_d_mailgun" name="test_config" file="tests/dispatchers/test_d_mailgun.py" line="28" time="0.003" /><testcase classname="tests.dispatchers.test_d_mailjet" name="test_mailjet" file="tests/dispatchers/test_d_mailjet.py" line="15" time="0.540" /><testcase classname="tests.dispatchers.test_d_mailjet" name="test_config" file="tests/dispatchers/test_d_mailjet.py" line="29" time="0.003" /><testcase classname="tests.dispatchers.test_d_registry" name="test_registry" file="tests/dispatchers/test_d_registry.py" line="8" time="0.002" /><testcase classname="tests.dispatchers.test_d_slack" name="test_twilio_send" file="tests/dispatchers/test_d_slack.py" line="11" time="0.566" /><testcase classname="tests.dispatchers.test_d_sms" name="test_twilio_error" file="tests/dispatchers/test_d_sms.py" line="16" time="0.130" /><testcase classname="tests.dispatchers.test_d_sms" name="test_twilio_send" file="tests/dispatchers/test_d_sms.py" line="27" time="0.536" /><testcase classname="tests.dispatchers.test_d_smtp" name="test_smtp" file="tests/dispatchers/test_d_smtp.py" line="10" time="0.553" /><testcase classname="tests.dispatchers.test_d_sys" name="test_sys" file="tests/dispatchers/test_d_sys.py" line="12" time="0.539" /><testcase classname="tests.middleware.test_middleware_useragent" name="test_useragent" file="tests/middleware/test_middleware_useragent.py" line="13" time="0.005" /><testcase classname="tests.middleware.test_middleware_useragent" name="test_useragent_missing" file="tests/middleware/test_middleware_useragent.py" line="24" time="0.002" /><testcase classname="tests.models.test_model_address" name="test_manager_valid" file="tests/models/test_model_address.py" line="8" time="0.543" /><testcase classname="tests.models.test_model_address" name="test_address" file="tests/models/test_model_address.py" line="14" time="0.722" /><testcase classname="tests.models.test_model_address" name="test_save[test@example.com-email]" file="tests/models/test_model_address.py" line="24" time="0.717" /><testcase classname="tests.models.test_model_address" name="test_save[+1 (817) 943-8393-phone]" file="tests/models/test_model_address.py" line="24" time="0.739" /><testcase classname="tests.models.test_model_address" name="test_save[acount-account]" file="tests/models/test_model_address.py" line="24" time="0.721" /><testcase classname="tests.models.test_model_apikey" name="test_manager_get_or_create" file="tests/models/test_model_apikey.py" line="3" time="0.722" /><testcase classname="tests.models.test_model_apikey" name="test_manager_update_or_create" file="tests/models/test_model_apikey.py" line="13" time="0.728" /><testcase classname="tests.models.test_model_application" name="test_str" file="tests/models/test_model_application.py" line="8" time="0.537" /><testcase classname="tests.models.test_model_application" name="test_manager" file="tests/models/test_model_application.py" line="12" time="0.534" /><testcase classname="tests.models.test_model_application" name="test_set_owner" file="tests/models/test_model_application.py" line="16" time="0.529" /><testcase classname="tests.models.test_model_application" name="test_register_event" file="tests/models/test_model_application.py" line="26" time="0.535" /><testcase classname="tests.models.test_model_assignment" name="test_assignment" file="tests/models/test_model_assignment.py" line="8" time="0.719" /><testcase classname="tests.models.test_model_assignment" name="test_natural_key[args0]" file="tests/models/test_model_assignment.py" line="19" time="0.729" /><testcase classname="tests.models.test_model_assignment" name="test_natural_key[args1]" file="tests/models/test_model_assignment.py" line="19" time="0.367" /><testcase classname="tests.models.test_model_channel" name="test_manager_get_or_create" file="tests/models/test_model_channel.py" line="22" time="0.367" /><testcase classname="tests.models.test_model_channel" name="test_manager_update_or_create" file="tests/models/test_model_channel.py" line="32" time="0.371" /><testcase classname="tests.models.test_model_channel" name="test_manager_active" file="tests/models/test_model_channel.py" line="42" time="0.547" /><testcase classname="tests.models.test_model_channel" name="test_str" file="tests/models/test_model_channel.py" line="46" time="0.542" /><testcase classname="tests.models.test_model_channel" name="test_channel_owner[organization]" file="tests/models/test_model_channel.py" line="50" time="0.182" /><testcase classname="tests.models.test_model_channel" name="test_channel_owner[project]" file="tests/models/test_model_channel.py" line="50" time="0.537" /><testcase classname="tests.models.test_model_channel" name="test_channel_property[from_email-organization]" file="tests/models/test_model_channel.py" line="55" time="0.184" /><testcase classname="tests.models.test_model_channel" name="test_channel_property[from_email-project]" file="tests/models/test_model_channel.py" line="55" time="0.540" /><testcase classname="tests.models.test_model_channel" name="test_channel_property[subject_prefix-organization]" file="tests/models/test_model_channel.py" line="55" time="0.181" /><testcase classname="tests.models.test_model_channel" name="test_channel_property[subject_prefix-project]" file="tests/models/test_model_channel.py" line="55" time="0.541" /><testcase classname="tests.models.test_model_channel" name="test_clean[from_email-organization]" file="tests/models/test_model_channel.py" line="61" time="0.186" /><testcase classname="tests.models.test_model_channel" name="test_clean[from_email-project]" file="tests/models/test_model_channel.py" line="61" time="0.530" /><testcase classname="tests.models.test_model_channel" name="test_clean[subject_prefix-organization]" file="tests/models/test_model_channel.py" line="61" time="0.186" /><testcase classname="tests.models.test_model_channel" name="test_clean[subject_prefix-project]" file="tests/models/test_model_channel.py" line="61" time="0.534" /><testcase classname="tests.models.test_model_channel" name="test_natural_key[args0]" file="tests/models/test_model_channel.py" line="67" time="0.541" /><testcase classname="tests.models.test_model_channel" name="test_natural_key[args1]" file="tests/models/test_model_channel.py" line="67" time="0.183" /><testcase classname="tests.models.test_model_event" name="test_event_trigger" file="tests/models/test_model_event.py" line="12" time="1.071" /><testcase classname="tests.models.test_model_event" name="test_trigger_correlation_id[cid0]" file="tests/models/test_model_event.py" line="16" time="1.067" /><testcase classname="tests.models.test_model_event" name="test_trigger_correlation_id[cf09bfc574554e3a9619a69021936bcb]" file="tests/models/test_model_event.py" line="16" time="1.071" /><testcase classname="tests.models.test_model_event" name="test_trigger_correlation_id[ffe1b3e8-0fcd-42b5-8ccd-7304715b329d]" file="tests/models/test_model_event.py" line="16" time="1.076" /><testcase classname="tests.models.test_model_event" name="test_get_trigger_url" file="tests/models/test_model_event.py" line="29" time="1.078" /><testcase classname="tests.models.test_model_event" name="test_event_notifications" file="tests/models/test_model_event.py" line="33" time="2.516" /><testcase classname="tests.models.test_model_event" name="test_delete_event_protect_internal" file="tests/models/test_model_event.py" line="44" time="1.083" /><testcase classname="tests.models.test_model_log" name="test_extra_action_flags" file="tests/models/test_model_log.py" line="6" time="0.192" /><testcase classname="tests.models.test_model_log" name="test_action_flags[1]" file="tests/models/test_model_log.py" line="11" time="0.184" /><testcase classname="tests.models.test_model_log" name="test_action_flags[100]" file="tests/models/test_model_log.py" line="11" time="0.186" /><testcase classname="tests.models.test_model_media" name="test_mediafile_success[ICO-image/vnd.microsoft.icon]" file="tests/models/test_model_media.py" line="12" time="1.051" /><testcase classname="tests.models.test_model_media" name="test_mediafile_success[JPEG-image/jpeg]" file="tests/models/test_model_media.py" line="12" time="1.055" /><testcase classname="tests.models.test_model_media" name="test_mediafile_missing" file="tests/models/test_model_media.py" line="25" time="1.047" /><testcase classname="tests.models.test_model_media" name="test_natural_key[args0]" file="tests/models/test_model_media.py" line="34" time="1.071" /><testcase classname="tests.models.test_model_media" name="test_natural_key[args1]" file="tests/models/test_model_media.py" line="34" time="0.540" /><testcase classname="tests.models.test_model_media" name="test_natural_key[args2]" file="tests/models/test_model_media.py" line="34" time="0.182" /><testcase classname="tests.models.test_model_media" name="test_imagefield[mime_type-size]" file="tests/models/test_model_media.py" line="44" time="1.040" /><testcase classname="tests.models.test_model_media" name="test_imagefield[mime_type-]" file="tests/models/test_model_media.py" line="44" time="1.056" /><testcase classname="tests.models.test_model_media" name="test_imagefield[-size]" file="tests/models/test_model_media.py" line="44" time="1.084" /><testcase classname="tests.models.test_model_media" name="test_imagefield[-]" file="tests/models/test_model_media.py" line="44" time="1.048" /><testcase classname="tests.models.test_model_media" name="test_imagefield_cache" file="tests/models/test_model_media.py" line="64" time="1.044" /><testcase classname="tests.models.test_model_media" name="test_imagefield_closed_file" file="tests/models/test_model_media.py" line="81" time="1.039" /><testcase classname="tests.models.test_model_message" name="test_instantiate" file="tests/models/test_model_message.py" line="25" time="2.469" /><testcase classname="tests.models.test_model_message" name="test_natural_key[args0]" file="tests/models/test_model_message.py" line="32" time="2.147" /><testcase classname="tests.models.test_model_message" name="test_natural_key[args1]" file="tests/models/test_model_message.py" line="32" time="1.613" /><testcase classname="tests.models.test_model_message" name="test_natural_key[args2]" file="tests/models/test_model_message.py" line="32" time="1.241" /><testcase classname="tests.models.test_model_notification" name="test_get_message_cache" file="tests/models/test_model_notification.py" line="13" time="2.330" /><testcase classname="tests.models.test_model_notification" name="test_get_message_precedence" file="tests/models/test_model_notification.py" line="23" time="4.086" /><testcase classname="tests.models.test_model_notification" name="test_missing_message" file="tests/models/test_model_notification.py" line="42" time="1.947" /><testcase classname="tests.models.test_model_notification" name="test_extra_context_override[all-empty]" file="tests/models/test_model_notification.py" line="52" time="0.898" /><testcase classname="tests.models.test_model_notification" name="test_extra_context_override[contribute]" file="tests/models/test_model_notification.py" line="52" time="0.900" /><testcase classname="tests.models.test_model_notification" name="test_extra_context_override[override-b]" file="tests/models/test_model_notification.py" line="52" time="0.903" /><testcase classname="tests.models.test_model_notification" name="test_extra_context_override[no-override]" file="tests/models/test_model_notification.py" line="52" time="0.894" /><testcase classname="tests.models.test_model_notification" name="test_extra_context_override[override-element]" file="tests/models/test_model_notification.py" line="52" time="0.899" /><testcase classname="tests.models.test_model_occurence" name="test_model_occurrence_no_notifications" file="tests/models/test_model_occurence.py" line="57" time="0.541" /><testcase classname="tests.models.test_model_occurence" name="test_str" file="tests/models/test_model_occurence.py" line="63" time="0.540" /><testcase classname="tests.models.test_model_occurence" name="test_natural_key" file="tests/models/test_model_occurence.py" line="67" time="0.545" /><testcase classname="tests.models.test_model_occurence" name="test_purgeable" file="tests/models/test_model_occurence.py" line="73" time="1.668" /><testcase classname="tests.models.test_model_occurence" name="test_get_context[all-empty]" file="tests/models/test_model_occurence.py" line="83" time="0.549" /><testcase classname="tests.models.test_model_occurence" name="test_get_context[contribute]" file="tests/models/test_model_occurence.py" line="83" time="0.547" /><testcase classname="tests.models.test_model_occurence" name="test_get_context[override]" file="tests/models/test_model_occurence.py" line="83" time="0.552" /><testcase classname="tests.models.test_model_project" name="test_str" file="tests/models/test_model_project.py" line="6" time="0.356" /><testcase classname="tests.models.test_model_project" name="test_set_owner" file="tests/models/test_model_project.py" line="10" time="0.353" /><testcase classname="tests.models.test_model_social" name="test_manager" file="tests/models/test_model_social.py" line="7" time="0.009" /><testcase classname="tests.models.test_model_user" name="test_user" file="tests/models/test_model_user.py" line="6" time="0.181" /><testcase classname="tests.models.test_natural_key" name="test_natural_key[User]" file="tests/models/test_natural_key.py" line="43" time="0.179" /><testcase classname="tests.models.test_natural_key" name="test_natural_key[Address]" file="tests/models/test_natural_key.py" line="43" time="0.179" /><testcase classname="tests.models.test_natural_key" name="test_natural_key[Organization]" file="tests/models/test_natural_key.py" line="43" time="0.188" /><testcase classname="tests.models.test_natural_key" name="test_natural_key[Project]" file="tests/models/test_natural_key.py" line="43" time="0.361" /><testcase classname="tests.models.test_natural_key" name="test_natural_key[Application]" file="tests/models/test_natural_key.py" line="43" time="0.534" /><testcase classname="tests.models.test_natural_key" name="test_natural_key[Assignment]" file="tests/models/test_natural_key.py" line="43" time="0.718" /><testcase classname="tests.models.test_natural_key" name="test_natural_key[Channel]" file="tests/models/test_natural_key.py" line="43" time="0.538" /><testcase classname="tests.models.test_natural_key" name="test_natural_key[DistributionList]" file="tests/models/test_natural_key.py" line="43" time="0.362" /><testcase classname="tests.models.test_natural_key" name="test_natural_key[Notification]" file="tests/models/test_natural_key.py" line="43" time="0.905" /><testcase classname="tests.models.test_natural_key" name="test_natural_key[Event]" file="tests/models/test_natural_key.py" line="43" time="0.551" /><testcase classname="tests.models.test_natural_key" name="test_natural_key[Group]" file="tests/models/test_natural_key.py" line="43" time="0.005" /><testcase classname="tests.models.test_natural_key" name="test_natural_key[LogMessage]" file="tests/models/test_natural_key.py" line="43" time="0.543" /><testcase classname="tests.models.test_natural_key" name="test_natural_key[ApiKey]" file="tests/models/test_natural_key.py" line="43" time="1.256" /><testcase classname="tests.models.test_natural_key" name="test_natural_key[LogEntry]" file="tests/models/test_natural_key.py" line="43" time="0.185" /><testcase classname="tests.models.test_natural_key" name="test_natural_key[MediaFile]" file="tests/models/test_natural_key.py" line="43" time="1.073" /><testcase classname="tests.models.test_natural_key" name="test_natural_key[Message]" file="tests/models/test_natural_key.py" line="43" time="2.120" /><testcase classname="tests.models.test_natural_key" name="test_natural_key[Monitor]" file="tests/models/test_natural_key.py" line="43" time="0.550" /><testcase classname="tests.models.test_natural_key" name="test_natural_key[Occurrence]" file="tests/models/test_natural_key.py" line="43" time="0.542" /><testcase classname="tests.models.test_natural_key" name="test_natural_key[UserRole]" file="tests/models/test_natural_key.py" line="43" time="0.369" /><testcase classname="tests.social.test_social_pipeline" name="test_save_to_group" file="tests/social/test_social_pipeline.py" line="21" time="0.193" /><testcase classname="tests.social.test_social_strategy" name="test_social_strategy_generic_setting" file="tests/social/test_social_strategy.py" line="11" time="0.002" /><testcase classname="tests.social.test_social_strategy" name="test_social_strategy_provider_setting" file="tests/social/test_social_strategy.py" line="16" time="0.004" /><testcase classname="tests.social.test_social_strategy" name="test_social_strategy_cache" file="tests/social/test_social_strategy.py" line="22" time="0.003" /><testcase classname="tests.social.test_social_strategy" name="test_social_strategy_error" file="tests/social/test_social_strategy.py" line="29" time="0.002" /><testcase classname="tests.social.test_social_strategy" name="test_social_strategy_missing" file="tests/social/test_social_strategy.py" line="35" time="0.002" /><testcase classname="tests.social.test_social_strategy" name="test_social_strategy_url" file="tests/social/test_social_strategy.py" line="41" time="0.003" /><testcase classname="tests.social.test_social_wso2" name="test_flow" file="tests/social/test_social_wso2.py" line="40" time="0.029" /><testcase classname="tests.test_bitcaster" name="test_trigger_event" file="tests/test_bitcaster.py" line="8" time="0.203" /><testcase classname="tests.test_bitcaster" name="test_app" file="tests/test_bitcaster.py" line="13" time="0.198" /><testcase classname="tests.test_cache" name="test_flag_disable[key-1]" file="tests/test_cache.py" line="27" time="0.539" /><testcase classname="tests.test_cache" name="test_flag_disable[None]" file="tests/test_cache.py" line="27" time="0.551" /><testcase classname="tests.test_cache" name="test_store_to_cache[key-1]" file="tests/test_cache.py" line="42" time="0.538" /><testcase classname="tests.test_cache" name="test_store_to_cache[None]" file="tests/test_cache.py" line="42" time="0.545" /><testcase classname="tests.test_cache" name="test_get_from_cache[key-1]" file="tests/test_cache.py" line="52" time="0.540" /><testcase classname="tests.test_cache" name="test_get_from_cache[None]" file="tests/test_cache.py" line="52" time="0.543" /><testcase classname="tests.test_cache" name="test_qs_get_or_store[key-1]" file="tests/test_cache.py" line="62" time="0.542" /><testcase classname="tests.test_cache" name="test_qs_get_or_store[None]" file="tests/test_cache.py" line="62" time="0.541" /><testcase classname="tests.test_cache" name="test_qs_delete[key-1]" file="tests/test_cache.py" line="74" time="0.551" /><testcase classname="tests.test_cache" name="test_qs_delete[None]" file="tests/test_cache.py" line="74" time="0.542" /><testcase classname="tests.test_celery" name="test_celery" file="tests/test_celery.py" line="3" time="0.002" /><testcase classname="tests.test_celery" name="test_init_celery" file="tests/test_celery.py" line="12" time="0.001" /><testcase classname="tests.test_checks" name="test_check_agent_validator" file="tests/test_checks.py" line="17" time="0.002" /><testcase classname="tests.test_checks" name="test_check_agent_validator_root" file="tests/test_checks.py" line="25" time="0.002" /><testcase classname="tests.test_commands" name="test_upgrade_init[migrate-verbose-static-static_missing]" file="tests/test_commands.py" line="34" time="0.519" /><testcase classname="tests.test_commands" name="test_upgrade_init[migrate-verbose-static-static_existing]" file="tests/test_commands.py" line="34" time="0.451" /><testcase classname="tests.test_commands" name="test_upgrade_init[migrate-verbose-no-static-static_missing]" file="tests/test_commands.py" line="34" time="0.318" /><testcase classname="tests.test_commands" name="test_upgrade_init[migrate-verbose-no-static-static_existing]" file="tests/test_commands.py" line="34" time="0.325" /><testcase classname="tests.test_commands" name="test_upgrade_init[migrate--static-static_missing]" file="tests/test_commands.py" line="34" time="0.447" /><testcase classname="tests.test_commands" name="test_upgrade_init[migrate--static-static_existing]" file="tests/test_commands.py" line="34" time="0.442" /><testcase classname="tests.test_commands" name="test_upgrade_init[migrate--no-static-static_missing]" file="tests/test_commands.py" line="34" time="0.320" /><testcase classname="tests.test_commands" name="test_upgrade_init[migrate--no-static-static_existing]" file="tests/test_commands.py" line="34" time="0.415" /><testcase classname="tests.test_commands" name="test_upgrade_init[-verbose-static-static_missing]" file="tests/test_commands.py" line="34" time="0.336" /><testcase classname="tests.test_commands" name="test_upgrade_init[-verbose-static-static_existing]" file="tests/test_commands.py" line="34" time="0.333" /><testcase classname="tests.test_commands" name="test_upgrade_init[-verbose-no-static-static_missing]" file="tests/test_commands.py" line="34" time="0.231" /><testcase classname="tests.test_commands" name="test_upgrade_init[-verbose-no-static-static_existing]" file="tests/test_commands.py" line="34" time="0.232" /><testcase classname="tests.test_commands" name="test_upgrade_init[--static-static_missing]" file="tests/test_commands.py" line="34" time="0.340" /><testcase classname="tests.test_commands" name="test_upgrade_init[--static-static_existing]" file="tests/test_commands.py" line="34" time="0.335" /><testcase classname="tests.test_commands" name="test_upgrade_init[--no-static-static_missing]" file="tests/test_commands.py" line="34" time="0.231" /><testcase classname="tests.test_commands" name="test_upgrade_init[--no-static-static_existing]" file="tests/test_commands.py" line="34" time="0.229" /><testcase classname="tests.test_commands" name="test_upgrade[migrate-verbose]" file="tests/test_commands.py" line="70" time="0.339" /><testcase classname="tests.test_commands" name="test_upgrade[migrate-]" file="tests/test_commands.py" line="70" time="0.364" /><testcase classname="tests.test_commands" name="test_upgrade[-verbose]" file="tests/test_commands.py" line="70" time="0.401" /><testcase classname="tests.test_commands" name="test_upgrade[-]" file="tests/test_commands.py" line="70" time="0.396" /><testcase classname="tests.test_commands" name="test_upgrade_next" file="tests/test_commands.py" line="82" time="0.690" /><testcase classname="tests.test_commands" name="test_upgrade_check" file="tests/test_commands.py" line="90" time="0.439" /><testcase classname="tests.test_commands" name="test_env[0-0-0-0-0]" file="tests/test_commands.py" line="117" time="0.003" /><testcase classname="tests.test_commands" name="test_env[0-0-0-0-1]" file="tests/test_commands.py" line="117" time="0.003" /><testcase classname="tests.test_commands" name="test_env[0-0-0-1-0]" file="tests/test_commands.py" line="117" time="0.002" /><testcase classname="tests.test_commands" name="test_env[0-0-0-1-1]" file="tests/test_commands.py" line="117" time="0.002" /><testcase classname="tests.test_commands" name="test_env[0-0-1-0-0]" file="tests/test_commands.py" line="117" time="0.002" /><testcase classname="tests.test_commands" name="test_env[0-0-1-0-1]" file="tests/test_commands.py" line="117" time="0.002" /><testcase classname="tests.test_commands" name="test_env[0-0-1-1-0]" file="tests/test_commands.py" line="117" time="0.003" /><testcase classname="tests.test_commands" name="test_env[0-0-1-1-1]" file="tests/test_commands.py" line="117" time="0.002" /><testcase classname="tests.test_commands" name="test_env[0-1-0-0-0]" file="tests/test_commands.py" line="117" time="0.002" /><testcase classname="tests.test_commands" name="test_env[0-1-0-0-1]" file="tests/test_commands.py" line="117" time="0.002" /><testcase classname="tests.test_commands" name="test_env[0-1-0-1-0]" file="tests/test_commands.py" line="117" time="0.003" /><testcase classname="tests.test_commands" name="test_env[0-1-0-1-1]" file="tests/test_commands.py" line="117" time="0.002" /><testcase classname="tests.test_commands" name="test_env[0-1-1-0-0]" file="tests/test_commands.py" line="117" time="0.003" /><testcase classname="tests.test_commands" name="test_env[0-1-1-0-1]" file="tests/test_commands.py" line="117" time="0.002" /><testcase classname="tests.test_commands" name="test_env[0-1-1-1-0]" file="tests/test_commands.py" line="117" time="0.002" /><testcase classname="tests.test_commands" name="test_env[0-1-1-1-1]" file="tests/test_commands.py" line="117" time="0.002" /><testcase classname="tests.test_commands" name="test_env[1-0-0-0-0]" file="tests/test_commands.py" line="117" time="0.002" /><testcase classname="tests.test_commands" name="test_env[1-0-0-0-1]" file="tests/test_commands.py" line="117" time="0.002" /><testcase classname="tests.test_commands" name="test_env[1-0-0-1-0]" file="tests/test_commands.py" line="117" time="0.002" /><testcase classname="tests.test_commands" name="test_env[1-0-0-1-1]" file="tests/test_commands.py" line="117" time="0.002" /><testcase classname="tests.test_commands" name="test_env[1-0-1-0-0]" file="tests/test_commands.py" line="117" time="0.002" /><testcase classname="tests.test_commands" name="test_env[1-0-1-0-1]" file="tests/test_commands.py" line="117" time="0.002" /><testcase classname="tests.test_commands" name="test_env[1-0-1-1-0]" file="tests/test_commands.py" line="117" time="0.002" /><testcase classname="tests.test_commands" name="test_env[1-0-1-1-1]" file="tests/test_commands.py" line="117" time="0.006" /><testcase classname="tests.test_commands" name="test_env[1-1-0-0-0]" file="tests/test_commands.py" line="117" time="0.002" /><testcase classname="tests.test_commands" name="test_env[1-1-0-0-1]" file="tests/test_commands.py" line="117" time="0.002" /><testcase classname="tests.test_commands" name="test_env[1-1-0-1-0]" file="tests/test_commands.py" line="117" time="0.002" /><testcase classname="tests.test_commands" name="test_env[1-1-0-1-1]" file="tests/test_commands.py" line="117" time="0.002" /><testcase classname="tests.test_commands" name="test_env[1-1-1-0-0]" file="tests/test_commands.py" line="117" time="0.002" /><testcase classname="tests.test_commands" name="test_env[1-1-1-0-1]" file="tests/test_commands.py" line="117" time="0.002" /><testcase classname="tests.test_commands" name="test_env[1-1-1-1-0]" file="tests/test_commands.py" line="117" time="0.002" /><testcase classname="tests.test_commands" name="test_env[1-1-1-1-1]" file="tests/test_commands.py" line="117" time="0.002" /><testcase classname="tests.test_commands" name="test_env_raise" file="tests/test_commands.py" line="144" time="0.002" /><testcase classname="tests.test_factories" name="test_factory_event" file="tests/test_factories.py" line="6" time="2.669" /><testcase classname="tests.test_factories" name="test_factory_notification" file="tests/test_factories.py" line="14" time="3.752" /><testcase classname="tests.test_flags" name="test_development[True]" file="tests/test_flags.py" line="14" time="0.002" /><testcase classname="tests.test_flags" name="test_development[False]" file="tests/test_flags.py" line="14" time="0.002" /><testcase classname="tests.test_flags" name="test_server_address[127.0.0.1]" file="tests/test_flags.py" line="22" time="0.002" /><testcase classname="tests.test_flags" name="test_server_address[192.168.66.66]" file="tests/test_flags.py" line="22" time="0.002" /><testcase classname="tests.test_flags" name="test_env_var[BITCASTER_LOGGING_LEVEL=CRITICAL-True]" file="tests/test_flags.py" line="30" time="0.002" /><testcase classname="tests.test_flags" name="test_env_var[BITCASTER_LOGGING_LEVEL=WARN-False]" file="tests/test_flags.py" line="30" time="0.002" /><testcase classname="tests.test_flags" name="test_env_var[BITCASTER_LOGGING_LEVEL-True]" file="tests/test_flags.py" line="30" time="0.002" /><testcase classname="tests.test_flags" name="test_env_var[ERROR-False]" file="tests/test_flags.py" line="30" time="0.002" /><testcase classname="tests.test_flags" name="test_header_key[CUSTOM_KEY=123-True]" file="tests/test_flags.py" line="44" time="0.002" /><testcase classname="tests.test_flags" name="test_header_key[CUSTOM_KEY-True]" file="tests/test_flags.py" line="44" time="0.003" /><testcase classname="tests.test_flags" name="test_header_key[CUSTOM_KEY=234-False]" file="tests/test_flags.py" line="44" time="0.002" /><testcase classname="tests.test_flags" name="test_header_key[MISSING=222-False]" file="tests/test_flags.py" line="44" time="0.002" /><testcase classname="tests.test_flags" name="test_header_key[MISSING-False]" file="tests/test_flags.py" line="44" time="0.002" /><testcase classname="tests.test_flags" name="test_header_key[ERROR=[-False]" file="tests/test_flags.py" line="44" time="0.002" /><testcase classname="tests.test_notify" name="test_trigger" file="tests/test_notify.py" line="82" time="3.047" /><testcase classname="tests.test_payload_filter" name="test_simple_filter[AND]" file="tests/test_payload_filter.py" line="20" time="0.002" /><testcase classname="tests.test_payload_filter" name="test_simple_filter[OR]" file="tests/test_payload_filter.py" line="20" time="0.001" /><testcase classname="tests.test_payload_filter" name="test_plain_filter" file="tests/test_payload_filter.py" line="32" time="0.002" /><testcase classname="tests.test_payload_filter" name="test_queryset_filter[empty]" file="tests/test_payload_filter.py" line="41" time="1.267" /><testcase classname="tests.test_payload_filter" name="test_queryset_filter[wrong]" file="tests/test_payload_filter.py" line="41" time="1.314" /><testcase classname="tests.test_payload_filter" name="test_queryset_filter[ok]" file="tests/test_payload_filter.py" line="41" time="1.258" /><testcase classname="tests.test_payload_filter" name="test_jmespath_filter[or]" file="tests/test_payload_filter.py" line="61" time="0.002" /><testcase classname="tests.test_payload_filter" name="test_jmespath_filter[and]" file="tests/test_payload_filter.py" line="61" time="0.002" /><testcase classname="tests.test_payload_filter" name="test_jmespath_filter[not-ok]" file="tests/test_payload_filter.py" line="61" time="0.001" /><testcase classname="tests.test_payload_filter" name="test_jmespath_filter[not-nok]" file="tests/test_payload_filter.py" line="61" time="0.001" /><testcase classname="tests.test_payload_filter" name="test_jmespath_filter[empty]" file="tests/test_payload_filter.py" line="61" time="0.001" /><testcase classname="tests.test_payload_filter" name="test_match_filter[or]" file="tests/test_payload_filter.py" line="77" time="0.001" /><testcase classname="tests.test_payload_filter" name="test_match_filter[and]" file="tests/test_payload_filter.py" line="77" time="0.001" /><testcase classname="tests.test_payload_filter" name="test_match_filter[not-ok]" file="tests/test_payload_filter.py" line="77" time="0.001" /><testcase classname="tests.test_payload_filter" name="test_match_filter[not-nok]" file="tests/test_payload_filter.py" line="77" time="0.001" /><testcase classname="tests.test_payload_filter" name="test_match_filter[empty]" file="tests/test_payload_filter.py" line="77" time="0.001" /><testcase classname="tests.test_smartenv" name="test_storage_options[storage.SampleStorage?bucket=container&amp;option=value&amp;connection_string=Defaul]" file="tests/test_smartenv.py" line="13" time="0.002" /><testcase classname="tests.test_smartenv" name="test_storage_options[storage.SampleStorage?bucket=container&amp;option=value&amp;connection_string=DefaultEndpointsProtocol=http;AccountName=devstoreaccount1;AccountKey=ke1==;BlobEndpoint=http://127.0.0.1:10000/devstoreaccount1;]" file="tests/test_smartenv.py" line="13" time="0.002" /><testcase classname="tests.test_smartenv" name="test_storage[storage.SampleStorage]" file="tests/test_smartenv.py" line="29" time="0.001" /><testcase classname="tests.test_smartenv" name="test_storage_empty" file="tests/test_smartenv.py" line="37" time="0.001" /><testcase classname="tests.test_smartenv" name="test_env" file="tests/test_smartenv.py" line="42" time="0.001" /><testcase classname="tests.test_state" name="test_state" file="tests/test_state.py" line="14" time="0.001" /><testcase classname="tests.test_state" name="test_cookies" file="tests/test_state.py" line="18" time="0.001" /><testcase classname="tests.test_state" name="test_configure" file="tests/test_state.py" line="22" time="0.001" /><testcase classname="tests.test_state" name="test_add_cookies" file="tests/test_state.py" line="33" time="0.014" /><testcase classname="tests.test_tasks" name="test_process_incomplete_event" file="tests/test_tasks.py" line="93" time="3.437" /><testcase classname="tests.test_tasks" name="test_process_event_resume" file="tests/test_tasks.py" line="133" time="3.410" /><testcase classname="tests.test_tasks" name="test_silent_event" file="tests/test_tasks.py" line="156" time="3.415" /><testcase classname="tests.test_tasks" name="test_attempts" file="tests/test_tasks.py" line="174" time="3.923" /><testcase classname="tests.test_tasks" name="test_retry" file="tests/test_tasks.py" line="187" time="3.444" /><testcase classname="tests.test_tasks" name="test_error" file="tests/test_tasks.py" line="206" time="3.940" /><testcase classname="tests.test_tasks" name="test_processed" file="tests/test_tasks.py" line="219" time="3.963" /><testcase classname="tests.test_tasks" name="test_purge_occurrences" file="tests/test_tasks.py" line="267" time="1.663" /><testcase classname="tests.test_tasks" name="test_monitor_run" file="tests/test_tasks.py" line="283" time="0.738" /><testcase classname="tests.test_wsgi" name="test_wsgi" file="tests/test_wsgi.py" line="3" time="0.004" /><testcase classname="tests.test_wsgi" name="test_asgi" file="tests/test_wsgi.py" line="12" time="0.004" /><testcase classname="tests.utils.test_utils_address" name="test_is_email[user@email.com-True]" file="tests/utils/test_utils_address.py" line="5" time="0.002" /><testcase classname="tests.utils.test_utils_address" name="test_is_email[aaa-False]" file="tests/utils/test_utils_address.py" line="5" time="0.001" /><testcase classname="tests.utils.test_utils_address" name="test_is_email[123-False]" file="tests/utils/test_utils_address.py" line="5" time="0.001" /><testcase classname="tests.utils.test_utils_address" name="test_is_email[a@b@-False]" file="tests/utils/test_utils_address.py" line="5" time="0.001" /><testcase classname="tests.utils.test_utils_address" name="test_is_phonenumber[aa-False]" file="tests/utils/test_utils_address.py" line="10" time="0.001" /><testcase classname="tests.utils.test_utils_address" name="test_is_phonenumber[123-False]" file="tests/utils/test_utils_address.py" line="10" time="0.001" /><testcase classname="tests.utils.test_utils_address" name="test_is_phonenumber[+12299088128-True]" file="tests/utils/test_utils_address.py" line="10" time="0.001" /><testcase classname="tests.utils.test_utils_address" name="test_is_phonenumber[+1 (233) 999-6397-True]" file="tests/utils/test_utils_address.py" line="10" time="0.001" /><testcase classname="tests.utils.test_utils_constance" name="test_emailchannel" file="tests/utils/test_utils_constance.py" line="8" time="0.535" /><testcase classname="tests.utils.test_utils_crontab" name="test_human_readable[crontab0]" file="tests/utils/test_utils_crontab.py" line="20" time="0.003" /><testcase classname="tests.utils.test_utils_crontab" name="test_human_readable[crontab1]" file="tests/utils/test_utils_crontab.py" line="20" time="0.002" /><testcase classname="tests.utils.test_utils_crontab" name="test_human_readable_if_errors[crontab0]" file="tests/utils/test_utils_crontab.py" line="25" time="0.002" /><testcase classname="tests.utils.test_utils_crontab" name="test_human_readable_if_exception[MissingFieldException]" file="tests/utils/test_utils_crontab.py" line="30" time="0.005" /><testcase classname="tests.utils.test_utils_crontab" name="test_human_readable_if_exception[FormatException]" file="tests/utils/test_utils_crontab.py" line="30" time="0.004" /><testcase classname="tests.utils.test_utils_crontab" name="test_human_readable_if_exception[WrongArgumentException]" file="tests/utils/test_utils_crontab.py" line="30" time="0.004" /><testcase classname="tests.utils.test_utils_http" name="test_absolute_reverse" file="tests/utils/test_utils_http.py" line="29" time="0.002" /><testcase classname="tests.utils.test_utils_http" name="test_absolute_uri" file="tests/utils/test_utils_http.py" line="33" time="0.002" /><testcase classname="tests.utils.test_utils_http" name="test_get_server_host" file="tests/utils/test_utils_http.py" line="44" time="0.001" /><testcase classname="tests.utils.test_utils_http" name="test_get_server_url" file="tests/utils/test_utils_http.py" line="48" time="0.003" /><testcase classname="tests.utils.test_utils_http" name="test_get_client_ip[HTTP_X_FORWARDED_FOR]" file="tests/utils/test_utils_http.py" line="57" time="0.002" /><testcase classname="tests.utils.test_utils_http" name="test_get_client_ip[HTTP_X_REAL_IP]" file="tests/utils/test_utils_http.py" line="57" time="0.002" /><testcase classname="tests.utils.test_utils_http" name="test_get_client_ip[REMOTE_ADDR]" file="tests/utils/test_utils_http.py" line="57" time="0.002" /><testcase classname="tests.utils.test_utils_markdown" name="test_processor[[[doc:path]]-&lt;p&gt;&lt;a href=&quot;http://doc/path&quot;&gt;path&lt;/a&gt;&lt;/p&gt;]" file="tests/utils/test_utils_markdown.py" line="6" time="0.002" /><testcase classname="tests.utils.test_utils_markdown" name="test_processor[[[doc:path:label]]-&lt;p&gt;&lt;a href=&quot;http://doc/path&quot;&gt;label&lt;/a&gt;&lt;/p&gt;]" file="tests/utils/test_utils_markdown.py" line="6" time="0.002" /><testcase classname="tests.utils.test_utils_markdown" name="test_processor[[[doc:]]-&lt;p&gt;[[doc:]]&lt;/p&gt;]" file="tests/utils/test_utils_markdown.py" line="6" time="0.003" /><testcase classname="tests.utils.test_utils_markdown" name="test_processor[[[doc:a:b:c]]-&lt;p&gt;[[doc:a:b:c]]&lt;/p&gt;]" file="tests/utils/test_utils_markdown.py" line="6" time="0.002" /><testcase classname="tests.utils.test_utils_markdown" name="test_processor[[[doc]]-&lt;p&gt;[[doc]]&lt;/p&gt;]" file="tests/utils/test_utils_markdown.py" line="6" time="0.002" /><testcase classname="tests.utils.test_utils_security" name="test_is_root" file="tests/utils/test_utils_security.py" line="10" time="0.002" /><testcase classname="tests.utils.test_utils_useragent" name="test_get_user_agent" file="tests/utils/test_utils_useragent.py" line="28" time="0.004" /><testcase classname="tests.utils.test_utils_useragent" name="test_get_cache_key" file="tests/utils/test_utils_useragent.py" line="37" time="0.002" /><testcase classname="tests.utils.test_utils_useragent" name="test_parse" file="tests/utils/test_utils_useragent.py" line="41" time="0.002" /><testcase classname="tests.utils.test_utils_useragent" name="test_safari" file="tests/utils/test_utils_useragent.py" line="46" time="0.003" /><testcase classname="tests.utils.test_utils_useragent" name="test_bytes" file="tests/utils/test_utils_useragent.py" line="55" time="0.003" /><testcase classname="tests.utils.test_utils_useragent" name="test_cache" file="tests/utils/test_utils_useragent.py" line="63" time="0.002" /><testcase classname="tests.utils.test_utils_useragent" name="test_no_cache" file="tests/utils/test_utils_useragent.py" line="72" time="0.002" /><testcase classname="tests.web.test_web_tags" name="test_has" file="tests/web/test_web_tags.py" line="9" time="0.358" /><testcase classname="tests.web.test_web_views" name="test_home" file="tests/web/test_web_views.py" line="16" time="0.005" /><testcase classname="tests.web.test_web_views" name="test_healthcheck" file="tests/web/test_web_views.py" line="20" time="0.002" /><testcase classname="tests.web.test_web_views" name="test_login" file="tests/web/test_web_views.py" line="25" time="0.537" /><testcase classname="tests.web.test_web_views" name="test_logout" file="tests/web/test_web_views.py" line="43" time="0.188" /><testcase classname="tests.web.test_web_views" name="test_media[/-404]" file="tests/web/test_web_views.py" line="50" time="0.186" /><testcase classname="tests.web.test_web_views" name="test_media[logo.png-200]" file="tests/web/test_web_views.py" line="50" time="0.188" /><testcase classname="tests.web.test_web_views" name="test_media[invalid.txt-404]" file="tests/web/test_web_views.py" line="50" time="0.185" /><testcase classname="tests.webpush.test_admin_browser" name="test_validate" file="tests/webpush/test_admin_browser.py" line="22" time="0.905" /><testcase classname="tests.webpush.test_p_utils" name="test_webpush_send_message" file="tests/webpush/test_p_utils.py" line="12" time="0.720" /><testcase classname="tests.webpush.test_p_utils" name="test_sign" file="tests/webpush/test_p_utils.py" line="21" time="0.708" /><testcase classname="tests.webpush.test_p_views" name="test_push_serviceworker" file="tests/webpush/test_p_views.py" line="20" time="0.532" /><testcase classname="tests.webpush.test_p_views" name="test_push_ask" file="tests/webpush/test_p_views.py" line="26" time="0.720" /><testcase classname="tests.webpush.test_p_views" name="test_push_subscribe" file="tests/webpush/test_p_views.py" line="33" time="0.717" /><testcase classname="tests.webpush.test_p_views" name="test_push_subscribe_404" file="tests/webpush/test_p_views.py" line="51" time="0.720" /><testcase classname="tests.webpush.test_p_views" name="test_push_unsubscribe" file="tests/webpush/test_p_views.py" line="61" time="0.713" /><testcase classname="tests.webpush.test_p_views" name="test_push_data" file="tests/webpush/test_p_views.py" line="70" time="0.722" /><testcase classname="tests.webpush.test_p_webpush" name="test_webpush" file="tests/webpush/test_p_webpush.py" line="32" time="1.240" /><testcase classname="tests.webpush.test_p_webpush" name="test_webpush_error" file="tests/webpush/test_p_webpush.py" line="43" time="1.243" /><testcase classname="tests.webpush.test_p_webpush" name="test_webpush_not_subscribed" file="tests/webpush/test_p_webpush.py" line="55" time="1.241" /><testcase classname="tests.webpush.test_p_webpush" name="test_config" file="tests/webpush/test_p_webpush.py" line="67" time="0.002" /><testcase classname="tests.webpush.test_p_webpush" name="test_form" file="tests/webpush/test_p_webpush.py" line="74" time="0.003" /><testcase classname="tests.webpush.test_p_webpush" name="test_form2" file="tests/webpush/test_p_webpush.py" line="89" time="0.003" /><testcase classname="tests.models.test_model_occurence" name="test_model_occurrence_filter[matched]" file="tests/models/test_model_occurence.py" line="34" time="3.753" /><testcase classname="tests.models.test_model_occurence" name="test_model_occurrence_filter[unmatched]" file="tests/models/test_model_occurence.py" line="34" time="4.041" /><testcase classname="tests.test_commands" name="test_upgrade_noadmin" file="tests/test_commands.py" line="96" time="1.731" /><testcase classname="tests.test_commands" name="test_upgrade_admin[existing_admin]" file="tests/test_commands.py" line="104" time="2.046" /><testcase classname="tests.test_commands" name="test_upgrade_admin[new_admin]" file="tests/test_commands.py" line="104" time="2.047" /><testcase classname="tests.test_tasks" name="test_process_event_single" file="tests/test_tasks.py" line="69" time="5.300" /><testcase classname="tests.test_tasks" name="test_process_event_partially" file="tests/test_tasks.py" line="111" time="5.232" /><testcase classname="tests.test_tasks" name="test_schedule_occurrences" file="tests/test_tasks.py" line="236" time="5.177" /><testcase classname="tests.test_tasks" name="test_process_silent" file="tests/test_tasks.py" line="250" time="5.047" /></testsuite></testsuites>
